-- Configuring done (0.1s)
-- Generating done (0.4s)
-- Build files have been written to: /Users/rewbs/code/openmpt/bin/mac-background
[  0%] Built target RealtimeAudit
[  8%] Built target TrackerFLAC
[ 10%] Built target ResonanceFixture
[ 11%] Built target plugin-inventory-tests
[ 56%] Built target OpenMPTCore
[ 65%] Built target TrackerEditor
[ 66%] Built target tracker-core-tests
[ 67%] Built target native-reverse-loop-tests
[ 69%] Built target TrackerPlugins
[ 70%] Built target sample-crossfade-tests
[ 70%] Built target sample-snap-tests
[ 70%] Built target sample-drawing-tests
[ 70%] Built target sample-copy-tests
[ 71%] Built target sample-archive-tests
[ 71%] Built target sample-clipboard-tests
[ 71%] Built target automation-tools-tests
[ 71%] Built target sample-processing-tests
[ 73%] Built target pattern-commands-tests
[ 73%] Built target pattern-tools-tests
[ 74%] Built target render-audit
[ 75%] Built target plugin-scanner
[ 76%] Built target filter-tests
[ 76%] Built target plugin-tests
[ 76%] Built target oversampling-tests
[ 77%] Built target stress-tests
[ 78%] Built target routing-prototype-tests
[ 78%] Built target mixer-graph-tests
[ 79%] Built target mixer-runtime-tests
[ 79%] Built target sidechain-tests
[ 80%] Built target qualification-fixture
[ 80%] Built target plugin-lifecycle-tests
[ 82%] Built target TrackerMac
[ 83%] Built target sample-loop-tests
[ 84%] Built target sample-crossfade-project-tests
[ 86%] Built target sample-session-tests
[ 86%] Built target sample-project-tests
[ 88%] Built target eq-effects-tests
[ 88%] Built target native-effects-tests
[ 88%] Built target distortion-tests
[ 88%] Built target comb-tests
[ 88%] Built target lofi-tests
[ 89%] Built target cabinet-tests
[ 89%] Built target maximizer-tests
[ 90%] Built target dynamics-tests
[ 92%] Built target session-tests
[ 92%] Built target bus-compressor-tests
[ 93%] Built target device-tests
[ 93%] Built target native-song-tests
[ 94%] Built target loopback-tests
[ 95%] Built target midi-tests
[ 96%] Built target native-mixer-tests
[ 96%] Built target export-tests
[ 96%] Built target rack-tests
[ 97%] Built target multi-bus-tests
[ 98%] Built target mixer-device-tests
[ 98%] Built target native-plugin-tests
[ 98%] Built target musical-automation-tests
[ 99%] Built target automation-tests
[100%] Built target note-track-tests
/Users/rewbs/code/openmpt/bin/mac-background/Resonance.app/Contents/MacOS/plugin-scanner: replacing existing signature
/Users/rewbs/code/openmpt/bin/mac-background/Resonance.app: replacing existing signature
Built /Users/rewbs/code/openmpt/bin/mac-background/Resonance.app
