Test project /Users/rewbs/code/openmpt/bin/mac-background
      Start  1: plugin-presets
 1/53 Test  #1: plugin-presets ...................   Passed    0.02 sec
      Start  2: plugin-preset-session
 2/53 Test  #2: plugin-preset-session ............   Passed    1.05 sec
      Start  3: instrument-envelopes
 3/53 Test  #3: instrument-envelopes .............   Passed    0.43 sec
      Start  4: instrument-envelope-session
 4/53 Test  #4: instrument-envelope-session ......   Passed    0.55 sec
      Start  5: plugin-aliases
 5/53 Test  #5: plugin-aliases ...................   Passed    0.84 sec
      Start  6: song-timing-session
 6/53 Test  #6: song-timing-session ..............   Passed    0.62 sec
      Start  7: song-timing
 7/53 Test  #7: song-timing ......................   Passed    0.66 sec
      Start  8: native-reverse-loops
 8/53 Test  #8: native-reverse-loops .............   Passed    1.49 sec
      Start  9: sample-loops
 9/53 Test  #9: sample-loops .....................   Passed    2.19 sec
      Start 10: sample-crossfade-project
10/53 Test #10: sample-crossfade-project .........   Passed    1.21 sec
      Start 11: sample-crossfade
11/53 Test #11: sample-crossfade .................   Passed    0.50 sec
      Start 12: sample-snap
12/53 Test #12: sample-snap ......................   Passed    0.49 sec
      Start 13: sample-drawing
13/53 Test #13: sample-drawing ...................   Passed    0.46 sec
      Start 14: sample-copy
14/53 Test #14: sample-copy ......................   Passed    0.49 sec
      Start 15: sample-clipboard
15/53 Test #15: sample-clipboard .................   Passed    0.52 sec
      Start 16: sample-archive
16/53 Test #16: sample-archive ...................   Passed    0.52 sec
      Start 17: sample-processing
17/53 Test #17: sample-processing ................   Passed    0.63 sec
      Start 18: sample-project
18/53 Test #18: sample-project ...................   Passed    0.93 sec
      Start 19: sample-session
19/53 Test #19: sample-session ...................   Passed    0.49 sec
      Start 20: tracker-core
20/53 Test #20: tracker-core .....................   Passed    0.52 sec
      Start 21: automation-tools
21/53 Test #21: automation-tools .................   Passed    0.43 sec
      Start 22: pattern-tools
22/53 Test #22: pattern-tools ....................   Passed    0.57 sec
      Start 23: pattern-commands
23/53 Test #23: pattern-commands .................   Passed    0.42 sec
      Start 24: plugins
24/53 Test #24: plugins ..........................   Passed    0.46 sec
      Start 25: native-effects
25/53 Test #25: native-effects ...................   Passed    7.59 sec
      Start 26: eq-effects
26/53 Test #26: eq-effects .......................   Passed    1.66 sec
      Start 27: comb
27/53 Test #27: comb .............................   Passed    0.81 sec
      Start 28: filters
28/53 Test #28: filters ..........................   Passed    0.53 sec
      Start 29: oversampling
29/53 Test #29: oversampling .....................   Passed    0.44 sec
      Start 30: distortion
30/53 Test #30: distortion .......................   Passed    2.10 sec
      Start 31: lofi
31/53 Test #31: lofi .............................   Passed    0.59 sec
      Start 32: cabinet
32/53 Test #32: cabinet ..........................   Passed   40.03 sec
      Start 33: dynamics
33/53 Test #33: dynamics .........................   Passed    1.22 sec
      Start 34: maximizer
34/53 Test #34: maximizer ........................   Passed    1.72 sec
      Start 35: bus-compressor
35/53 Test #35: bus-compressor ...................   Passed    1.19 sec
      Start 36: session
36/53 Test #36: session ..........................   Passed    0.60 sec
      Start 37: native-song
37/53 Test #37: native-song ......................   Passed    0.53 sec
      Start 38: export
38/53 Test #38: export ...........................   Passed    0.60 sec
      Start 39: routing-prototype
39/53 Test #39: routing-prototype ................   Passed    0.52 sec
      Start 40: mixer-runtime
40/53 Test #40: mixer-runtime ....................   Passed    0.40 sec
      Start 41: native-mixer
41/53 Test #41: native-mixer .....................   Passed    1.27 sec
      Start 42: sidechains
42/53 Test #42: sidechains .......................   Passed    0.38 sec
      Start 43: multi-bus
43/53 Test #43: multi-bus ........................   Passed    0.95 sec
      Start 44: rack
44/53 Test #44: rack .............................   Passed    0.68 sec
      Start 45: mixer-graph
45/53 Test #45: mixer-graph ......................   Passed    0.37 sec
      Start 46: native-plugins
46/53 Test #46: native-plugins ...................   Passed    0.59 sec
      Start 47: musical-automation
47/53 Test #47: musical-automation ...............   Passed    0.75 sec
      Start 48: automation
48/53 Test #48: automation .......................   Passed    0.52 sec
      Start 49: plugin-inventory
49/53 Test #49: plugin-inventory .................   Passed    0.01 sec
      Start 50: plugin-lifecycle
50/53 Test #50: plugin-lifecycle .................   Passed    0.54 sec
      Start 51: note-track
51/53 Test #51: note-track .......................   Passed    0.62 sec
      Start 52: plugin-library
52/53 Test #52: plugin-library ...................   Passed    0.02 sec
      Start 53: automation-target
53/53 Test #53: automation-target ................   Passed    0.49 sec

100% tests passed, 0 tests failed out of 53

Total Test time (real) =  84.25 sec
PASS plugin picker: cached-list explanation, AU/VST3 labels and selection, Rescan, empty-list Add disabled, controls fit; layout checked offscreen without focus or audio
PASS recovery generations, newest selection across documents, failed-write retention, document-scoped cleanup
PASS navigation socket: cursor/follow read/write, strict coordinates/types, stale cursor/song, retry/no-op, preserved document/history/transport
PASS note-track socket: group/create/mute/ungroup, dry-run/stale/no-op/strict validation, routing protection, one-step Undo, mixer removal/disable, empty appended columns and intact original cells
PASS plugin library socket: stable clean descriptors, search/format/kind/category/hidden/favorite filters, separate revision, persistence boundary, preview/retry/no-op/stale/strict fields and unchanged song/history/transport
PASS pattern tools through socket: exact preview/apply, stale revisions, seeded generation, masks, loss guards, invalid requests, mix paste, bounded large previews and atomic undo
PASS row tools socket: insert/delete, exact masked previews, tail/removal loss guards, strict counts, preserved exterior fields, retry/stale/no-op/one-step history
PASS native save/module export socket: dry run, strict paths/overwrite, stale revisions, v4 payload, unchanged history and native UI save destination
PASS sample socket: exact preview/apply, ranges/channels/curves, clipping, strict options, bounded replies, retry/stale protection, no-op redo, waveform and PCM undo
PASS sample clipboard socket: copy/set/paged reads, four paste modes, exact previews/loops/PCM, cut/delete/undo, no-op redo, strict inputs, stale clipboard and empty-sample resampling
PASS sample drawing socket: exact linear/step/channel PCM, preview/apply, bounded changes, clipping, unchanged settings, one-step undo, no-op redo, retry/stale and strict validation
PASS sample snapping socket: independent zero/grid boundaries, stereo choices, ties/directions/endpoints, bounded search, strict input and unchanged revision/PCM/redo
PASS crossfade socket: exact PCM/geometry, preview/apply/retry/stale, period changes, constant-audio no-op/redo, strict parameters and invalid loop rejection
PASS normal/sustain loop API: atomic preview/apply/history, retry/stale, omitted targets, no-op/redo, crossfade integration and strict fields
PASS arrangement socket: stable identities, annotations, no-op revisions, invalid input, section movement and unified document undo
PASS musical automation socket: envelope copy/flip/ramp/repeat paste, deterministic humanization, exact preview/retry/stale/no-op undo, strict points, stable identity and conflicting-clock guard
PASS mixer socket: routing, cycle rejection, strict values, input/output balance, previews, stale/retry/no-op gestures, undo and meters
PASS multi-bus socket: native indices, layout discovery, activation, dry run, stale edits, Undo/Redo output routing and sidechain sources
PASS automation target socket: stable identity, live reads, batch order, no implicit lane, reordering/removal/history, rejected edits and strict fields
PASS built-in socket: utilities, Digital Filter, EQ5/EQ10/Mixer EQ, Comb Filter, Distortion, LofiMat, Cabinet Simulator, Compressor/Bus Compressor/Gate/Maximizer/sidechains/meters, units/scales, precise edits and undo
PASS preset socket: native files, dry runs, baseline state, atomic overwrite, independent file/song revisions, retry/read freshness, type/decoder rejection and Undo/Redo
PASS timing socket: fractional BPM, musical mode/beat/bar/groove, exact preview/retry/stale/no-op/history, strict fields, native document display and legacy patch parity
PASS alias socket: stable owners/MIDI channels, preview/retry/stale/no-op/Undo, conflicts and strict validation, reorder, presets, v5 persistence and legacy reassignment
PASS instrument envelope socket: stable identity, all shared tools, native tick/value clipboard, preview/retry/stale/no-op/history, empty generation, strict limits and removed identities
PASS command catalog socket: format metadata, extended prefixes, strict read, preview, field-preserving apply, stale rejection and undo
PASS independent pattern navigation: allocated pattern switch, shorter-pattern clamp, automatic follow off, unchanged song revision and restoration after structural undo
PASS local API socket: private discovery/permissions, JSON framing, real crescendo-roll client, dry run, one-step undo, preserved cells/effects, retry deduplication, competing writers and method schema; no windows or audio output
PASS navigation socket: cursor/follow read/write, strict coordinates/types, stale cursor/song, retry/no-op, preserved document/history/transport
PASS note-track socket: group/create/mute/ungroup, dry-run/stale/no-op/strict validation, routing protection, one-step Undo, mixer removal/disable, empty appended columns and intact original cells
PASS plugin library socket: stable clean descriptors, search/format/kind/category/hidden/favorite filters, separate revision, persistence boundary, preview/retry/no-op/stale/strict fields and unchanged song/history/transport
PASS pattern tools through socket: exact preview/apply, stale revisions, seeded generation, masks, loss guards, invalid requests, mix paste, bounded large previews and atomic undo
PASS row tools socket: insert/delete, exact masked previews, tail/removal loss guards, strict counts, preserved exterior fields, retry/stale/no-op/one-step history
PASS native save/module export socket: dry run, strict paths/overwrite, stale revisions, v4 payload, unchanged history and native UI save destination
PASS sample socket: exact preview/apply, ranges/channels/curves, clipping, strict options, bounded replies, retry/stale protection, no-op redo, waveform and PCM undo
PASS sample clipboard socket: copy/set/paged reads, four paste modes, exact previews/loops/PCM, cut/delete/undo, no-op redo, strict inputs, stale clipboard and empty-sample resampling
PASS sample drawing socket: exact linear/step/channel PCM, preview/apply, bounded changes, clipping, unchanged settings, one-step undo, no-op redo, retry/stale and strict validation
PASS sample snapping socket: independent zero/grid boundaries, stereo choices, ties/directions/endpoints, bounded search, strict input and unchanged revision/PCM/redo
PASS crossfade socket: exact PCM/geometry, preview/apply/retry/stale, period changes, constant-audio no-op/redo, strict parameters and invalid loop rejection
PASS normal/sustain loop API: atomic preview/apply/history, retry/stale, omitted targets, no-op/redo, crossfade integration and strict fields
PASS arrangement socket: stable identities, annotations, no-op revisions, invalid input, section movement and unified document undo
PASS musical automation socket: envelope copy/flip/ramp/repeat paste, deterministic humanization, exact preview/retry/stale/no-op undo, strict points, stable identity and conflicting-clock guard
PASS mixer socket: routing, cycle rejection, strict values, input/output balance, previews, stale/retry/no-op gestures, undo and meters
PASS multi-bus socket: native indices, layout discovery, activation, dry run, stale edits, Undo/Redo output routing and sidechain sources
PASS automation target socket: stable identity, live reads, batch order, no implicit lane, reordering/removal/history, rejected edits and strict fields
PASS built-in socket: utilities, Digital Filter, EQ5/EQ10/Mixer EQ, Comb Filter, Distortion, LofiMat, Cabinet Simulator, Compressor/Bus Compressor/Gate/Maximizer/sidechains/meters, units/scales, precise edits and undo
PASS preset socket: native files, dry runs, baseline state, atomic overwrite, independent file/song revisions, retry/read freshness, type/decoder rejection and Undo/Redo
PASS timing socket: fractional BPM, musical mode/beat/bar/groove, exact preview/retry/stale/no-op/history, strict fields, native document display and legacy patch parity
PASS alias socket: stable owners/MIDI channels, preview/retry/stale/no-op/Undo, conflicts and strict validation, reorder, presets, v5 persistence and legacy reassignment
PASS instrument envelope socket: stable identity, all shared tools, native tick/value clipboard, preview/retry/stale/no-op/history, empty generation, strict limits and removed identities
PASS command catalog socket: format metadata, extended prefixes, strict read, preview, field-preserving apply, stale rejection and undo
PASS independent pattern navigation: allocated pattern switch, shorter-pattern clamp, automatic follow off, unchanged song revision and restoration after structural undo
PASS local API socket: private discovery/permissions, JSON framing, real crescendo-roll client, dry run, one-step undo, preserved cells/effects, retry deduplication, competing writers and method schema; no windows or audio output
PASS native startup file: populated 127-channel document, ready UI context and API; no windows or audio
Mixer strip diagnostic: 240 buses, 600 meter updates 182.5 ms, 9 control sets allocated through full traversal (not display cadence)
Plugin browser 4096-entry load and search: 27.06 ms (offscreen diagnostic, not a presentation gate)
PASS editor layouts and native keyboard transport/remapping, note lifecycle, safe sample indices, undo routing, deferred bulk edits, selection bounds and envelope node editing
