-- Configuring done (0.1s)
-- Generating done (0.2s)
-- Build files have been written to: /Users/rewbs/code/openmpt/bin/mac-background
[  8%] Built target TrackerFLAC
[  9%] Built target plugin-preset-tests
[ 10%] Built target RealtimeAudit
[ 11%] Built target ResonanceFixture
[ 12%] Built target plugin-inventory-tests
[ 13%] Built target plugin-library-tests
[ 56%] Built target OpenMPTCore
[ 65%] Built target TrackerEditor
[ 66%] Built target tracker-core-tests
[ 67%] Built target native-reverse-loop-tests
[ 68%] Built target TrackerPlugins
[ 68%] Built target sample-snap-tests
[ 69%] Built target sample-crossfade-tests
[ 70%] Built target sample-drawing-tests
[ 70%] Built target sample-copy-tests
[ 71%] Built target sample-archive-tests
[ 71%] Built target sample-clipboard-tests
[ 71%] Built target automation-tools-tests
[ 72%] Built target sample-processing-tests
[ 72%] Built target pattern-commands-tests
[ 73%] Built target pattern-tools-tests
[ 73%] Built target render-audit
[ 74%] Built target plugin-tests
[ 74%] Built target filter-tests
[ 75%] Built target oversampling-tests
[ 76%] Built target stress-tests
[ 77%] Built target routing-prototype-tests
[ 78%] Built target mixer-graph-tests
[ 78%] Built target mixer-runtime-tests
[ 78%] Built target sidechain-tests
[ 78%] Built target qualification-fixture
[ 78%] Built target plugin-lifecycle-tests
[ 78%] Built target plugin-scanner
[ 81%] Built target TrackerMac
[ 81%] Linking CXX executable sample-loop-tests
[ 82%] Built target plugin-preset-session-tests
[ 82%] Linking CXX executable sample-crossfade-project-tests
[ 82%] Built target sample-crossfade-project-tests
[ 83%] Built target sample-loop-tests
[ 83%] Linking CXX executable sample-project-tests
[ 84%] Linking CXX executable sample-session-tests
[ 84%] Built target sample-project-tests
[ 84%] Built target sample-session-tests
[ 84%] Linking CXX executable native-effects-tests
[ 84%] Linking CXX executable eq-effects-tests
[ 84%] Built target eq-effects-tests
[ 84%] Built target native-effects-tests
[ 84%] Linking CXX executable comb-tests
[ 84%] Linking CXX executable distortion-tests
[ 85%] Built target distortion-tests
[ 86%] Built target comb-tests
[ 86%] Linking CXX executable cabinet-tests
[ 86%] Linking CXX executable lofi-tests
[ 87%] Built target lofi-tests
[ 87%] Built target cabinet-tests
[ 87%] Linking CXX executable maximizer-tests
[ 88%] Linking CXX executable dynamics-tests
[ 88%] Built target dynamics-tests
[ 89%] Built target maximizer-tests
[ 90%] Linking CXX executable session-tests
[ 90%] Linking CXX executable bus-compressor-tests
[ 91%] Built target session-tests
[ 91%] Built target bus-compressor-tests
[ 91%] Linking CXX executable device-tests
[ 92%] Linking CXX executable native-song-tests
[ 92%] Built target device-tests
[ 92%] Built target native-song-tests
[ 92%] Linking CXX executable loopback-tests
[ 93%] Linking CXX executable midi-tests
[ 93%] Built target midi-tests
[ 93%] Built target loopback-tests
[ 94%] Linking CXX executable export-tests
[ 94%] Linking CXX executable native-mixer-tests
[ 94%] Built target export-tests
[ 95%] Built target native-mixer-tests
[ 95%] Linking CXX executable rack-tests
[ 95%] Linking CXX executable multi-bus-tests
[ 97%] Built target rack-tests
[ 97%] Built target multi-bus-tests
[ 97%] Linking CXX executable mixer-device-tests
[ 97%] Linking CXX executable native-plugin-tests
[ 97%] Built target mixer-device-tests
[ 97%] Built target native-plugin-tests
[ 98%] Linking CXX executable musical-automation-tests
[ 99%] Linking CXX executable automation-tests
[ 99%] Built target automation-tests
[ 99%] Built target musical-automation-tests
[ 99%] Linking CXX executable note-track-tests
[ 99%] Linking CXX executable automation-target-tests
[100%] Built target note-track-tests
[100%] Built target automation-target-tests
/Users/rewbs/code/openmpt/bin/mac-background/Resonance.app/Contents/MacOS/plugin-scanner: replacing existing signature
/Users/rewbs/code/openmpt/bin/mac-background/Resonance.app: replacing existing signature
Built /Users/rewbs/code/openmpt/bin/mac-background/Resonance.app
