Test project /Users/rewbs/code/openmpt/bin/mac-background
      Start  1: plugin-presets
 1/54 Test  #1: plugin-presets ...................   Passed    0.01 sec
      Start  2: plugin-programs
 2/54 Test  #2: plugin-programs ..................   Passed    1.01 sec
      Start  3: plugin-preset-session
 3/54 Test  #3: plugin-preset-session ............   Passed    0.58 sec
      Start  4: instrument-envelopes
 4/54 Test  #4: instrument-envelopes .............   Passed    0.02 sec
      Start  5: instrument-envelope-session
 5/54 Test  #5: instrument-envelope-session ......   Passed    0.52 sec
      Start  6: plugin-aliases
 6/54 Test  #6: plugin-aliases ...................   Passed    0.82 sec
      Start  7: song-timing-session
 7/54 Test  #7: song-timing-session ..............   Passed    0.63 sec
      Start  8: song-timing
 8/54 Test  #8: song-timing ......................   Passed    0.22 sec
      Start  9: native-reverse-loops
 9/54 Test  #9: native-reverse-loops .............   Passed    0.97 sec
      Start 10: sample-loops
10/54 Test #10: sample-loops .....................   Passed    2.13 sec
      Start 11: sample-crossfade-project
11/54 Test #11: sample-crossfade-project .........   Passed    1.16 sec
      Start 12: sample-crossfade
12/54 Test #12: sample-crossfade .................   Passed    0.08 sec
      Start 13: sample-snap
13/54 Test #13: sample-snap ......................   Passed    0.05 sec
      Start 14: sample-drawing
14/54 Test #14: sample-drawing ...................   Passed    0.04 sec
      Start 15: sample-copy
15/54 Test #15: sample-copy ......................   Passed    0.08 sec
      Start 16: sample-clipboard
16/54 Test #16: sample-clipboard .................   Passed    0.12 sec
      Start 17: sample-archive
17/54 Test #17: sample-archive ...................   Passed    0.07 sec
      Start 18: sample-processing
18/54 Test #18: sample-processing ................   Passed    0.21 sec
      Start 19: sample-project
19/54 Test #19: sample-project ...................   Passed    1.03 sec
      Start 20: sample-session
20/54 Test #20: sample-session ...................   Passed    0.48 sec
      Start 21: tracker-core
21/54 Test #21: tracker-core .....................   Passed    0.10 sec
      Start 22: automation-tools
22/54 Test #22: automation-tools .................   Passed    0.01 sec
      Start 23: pattern-tools
23/54 Test #23: pattern-tools ....................   Passed    0.12 sec
      Start 24: pattern-commands
24/54 Test #24: pattern-commands .................   Passed    0.01 sec
      Start 25: plugins
25/54 Test #25: plugins ..........................   Passed    0.48 sec
      Start 26: native-effects
26/54 Test #26: native-effects ...................   Passed    7.45 sec
      Start 27: eq-effects
27/54 Test #27: eq-effects .......................   Passed    1.64 sec
      Start 28: comb
28/54 Test #28: comb .............................   Passed    0.81 sec
      Start 29: filters
29/54 Test #29: filters ..........................   Passed    0.12 sec
      Start 30: oversampling
30/54 Test #30: oversampling .....................   Passed    0.04 sec
      Start 31: distortion
31/54 Test #31: distortion .......................   Passed    2.06 sec
      Start 32: lofi
32/54 Test #32: lofi .............................   Passed    0.59 sec
      Start 33: cabinet
33/54 Test #33: cabinet ..........................   Passed   37.98 sec
      Start 34: dynamics
34/54 Test #34: dynamics .........................   Passed    1.13 sec
      Start 35: maximizer
35/54 Test #35: maximizer ........................   Passed    1.70 sec
      Start 36: bus-compressor
36/54 Test #36: bus-compressor ...................   Passed    1.14 sec
      Start 37: session
37/54 Test #37: session ..........................   Passed    0.57 sec
      Start 38: native-song
38/54 Test #38: native-song ......................   Passed    0.53 sec
      Start 39: export
39/54 Test #39: export ...........................   Passed    0.54 sec
      Start 40: routing-prototype
40/54 Test #40: routing-prototype ................   Passed    0.09 sec
      Start 41: mixer-runtime
41/54 Test #41: mixer-runtime ....................   Passed    0.03 sec
      Start 42: native-mixer
42/54 Test #42: native-mixer .....................   Passed    1.21 sec
      Start 43: sidechains
43/54 Test #43: sidechains .......................   Passed    0.02 sec
      Start 44: multi-bus
44/54 Test #44: multi-bus ........................   Passed    0.86 sec
      Start 45: rack
45/54 Test #45: rack .............................   Passed    0.63 sec
      Start 46: mixer-graph
46/54 Test #46: mixer-graph ......................   Passed    0.00 sec
      Start 47: native-plugins
47/54 Test #47: native-plugins ...................   Passed    0.56 sec
      Start 48: musical-automation
48/54 Test #48: musical-automation ...............   Passed    0.77 sec
      Start 49: automation
49/54 Test #49: automation .......................   Passed    0.52 sec
      Start 50: plugin-inventory
50/54 Test #50: plugin-inventory .................   Passed    0.01 sec
      Start 51: plugin-lifecycle
51/54 Test #51: plugin-lifecycle .................   Passed    0.55 sec
      Start 52: note-track
52/54 Test #52: note-track .......................   Passed    0.61 sec
      Start 53: plugin-library
53/54 Test #53: plugin-library ...................   Passed    0.01 sec
      Start 54: automation-target
54/54 Test #54: automation-target ................   Passed    0.48 sec

100% tests passed, 0 tests failed out of 54

Total Test time (real) =  73.66 sec
PASS plugin picker: cached-list explanation, AU/VST3 labels and selection, Rescan, empty-list Add disabled, controls fit; layout checked offscreen without focus or audio
PASS recovery generations, newest selection across documents, failed-write retention, document-scoped cleanup
PASS navigation socket: cursor/follow read/write, strict coordinates/types, stale cursor/song, retry/no-op, preserved document/history/transport
PASS note-track socket: group/create/mute/ungroup, dry-run/stale/no-op/strict validation, routing protection, one-step Undo, mixer removal/disable, empty appended columns and intact original cells
PASS plugin library socket: stable clean descriptors, search/format/kind/category/hidden/favorite filters, separate revision, persistence boundary, preview/retry/no-op/stale/strict fields and unchanged song/history/transport
PASS pattern tools through socket: exact preview/apply, stale revisions, seeded generation, masks, loss guards, invalid requests, mix paste, bounded large previews and atomic undo
PASS row tools socket: insert/delete, exact masked previews, tail/removal loss guards, strict counts, preserved exterior fields, retry/stale/no-op/one-step history
PASS native save/module export socket: dry run, strict paths/overwrite, stale revisions, v4 payload, unchanged history and native UI save destination
PASS sample socket: exact preview/apply, ranges/channels/curves, clipping, strict options, bounded replies, retry/stale protection, no-op redo, waveform and PCM undo
PASS sample clipboard socket: copy/set/paged reads, four paste modes, exact previews/loops/PCM, cut/delete/undo, no-op redo, strict inputs, stale clipboard and empty-sample resampling
PASS sample drawing socket: exact linear/step/channel PCM, preview/apply, bounded changes, clipping, unchanged settings, one-step undo, no-op redo, retry/stale and strict validation
PASS sample snapping socket: independent zero/grid boundaries, stereo choices, ties/directions/endpoints, bounded search, strict input and unchanged revision/PCM/redo
PASS crossfade socket: exact PCM/geometry, preview/apply/retry/stale, period changes, constant-audio no-op/redo, strict parameters and invalid loop rejection
PASS normal/sustain loop API: atomic preview/apply/history, retry/stale, omitted targets, no-op/redo, crossfade integration and strict fields
PASS arrangement socket: stable identities, annotations, no-op revisions, invalid input, section movement and unified document undo
PASS musical automation socket: envelope copy/flip/ramp/repeat paste, deterministic humanization, exact preview/retry/stale/no-op undo, strict points, stable identity and conflicting-clock guard
PASS mixer socket: routing, cycle rejection, strict values, input/output balance, previews, stale/retry/no-op gestures, undo and meters
PASS multi-bus socket: native indices, layout discovery, activation, dry run, stale edits, Undo/Redo output routing and sidechain sources
PASS automation target socket: stable identity, live reads, batch order, no implicit lane, reordering/removal/history, rejected edits and strict fields
PASS built-in socket: utilities, Digital Filter, EQ5/EQ10/Mixer EQ, Comb Filter, Distortion, LofiMat, Cabinet Simulator, Compressor/Bus Compressor/Gate/Maximizer/sidechains/meters, units/scales, precise edits and undo
PASS preset socket: native files, dry runs, baseline state, atomic overwrite, independent file/song revisions, retry/read freshness, type/decoder rejection and Undo/Redo
PASS timing socket: fractional BPM, musical mode/beat/bar/groove, exact preview/retry/stale/no-op/history, strict fields, native document display and legacy patch parity
PASS alias socket: stable owners/MIDI channels, preview/retry/stale/no-op/Undo, conflicts and strict validation, reorder, presets, v5 persistence and legacy reassignment
PASS instrument envelope socket: stable identity, all shared tools, native tick/value clipboard, preview/retry/stale/no-op/history, empty generation, strict limits and removed identities
PASS command catalog socket: format metadata, extended prefixes, strict read, preview, field-preserving apply, stale rejection and undo
PASS independent pattern navigation: allocated pattern switch, shorter-pattern clamp, automatic follow off, unchanged song revision and restoration after structural undo
PASS local API socket: private discovery/permissions, JSON framing, real crescendo-roll client, dry run, one-step undo, preserved cells/effects, retry deduplication, competing writers and method schema; no windows or audio output
PASS navigation socket: cursor/follow read/write, strict coordinates/types, stale cursor/song, retry/no-op, preserved document/history/transport
PASS note-track socket: group/create/mute/ungroup, dry-run/stale/no-op/strict validation, routing protection, one-step Undo, mixer removal/disable, empty appended columns and intact original cells
PASS plugin library socket: stable clean descriptors, search/format/kind/category/hidden/favorite filters, separate revision, persistence boundary, preview/retry/no-op/stale/strict fields and unchanged song/history/transport
PASS pattern tools through socket: exact preview/apply, stale revisions, seeded generation, masks, loss guards, invalid requests, mix paste, bounded large previews and atomic undo
PASS row tools socket: insert/delete, exact masked previews, tail/removal loss guards, strict counts, preserved exterior fields, retry/stale/no-op/one-step history
PASS native save/module export socket: dry run, strict paths/overwrite, stale revisions, v4 payload, unchanged history and native UI save destination
PASS sample socket: exact preview/apply, ranges/channels/curves, clipping, strict options, bounded replies, retry/stale protection, no-op redo, waveform and PCM undo
PASS sample clipboard socket: copy/set/paged reads, four paste modes, exact previews/loops/PCM, cut/delete/undo, no-op redo, strict inputs, stale clipboard and empty-sample resampling
PASS sample drawing socket: exact linear/step/channel PCM, preview/apply, bounded changes, clipping, unchanged settings, one-step undo, no-op redo, retry/stale and strict validation
PASS sample snapping socket: independent zero/grid boundaries, stereo choices, ties/directions/endpoints, bounded search, strict input and unchanged revision/PCM/redo
PASS crossfade socket: exact PCM/geometry, preview/apply/retry/stale, period changes, constant-audio no-op/redo, strict parameters and invalid loop rejection
PASS normal/sustain loop API: atomic preview/apply/history, retry/stale, omitted targets, no-op/redo, crossfade integration and strict fields
PASS arrangement socket: stable identities, annotations, no-op revisions, invalid input, section movement and unified document undo
PASS musical automation socket: envelope copy/flip/ramp/repeat paste, deterministic humanization, exact preview/retry/stale/no-op undo, strict points, stable identity and conflicting-clock guard
PASS mixer socket: routing, cycle rejection, strict values, input/output balance, previews, stale/retry/no-op gestures, undo and meters
PASS multi-bus socket: native indices, layout discovery, activation, dry run, stale edits, Undo/Redo output routing and sidechain sources
PASS automation target socket: stable identity, live reads, batch order, no implicit lane, reordering/removal/history, rejected edits and strict fields
PASS built-in socket: utilities, Digital Filter, EQ5/EQ10/Mixer EQ, Comb Filter, Distortion, LofiMat, Cabinet Simulator, Compressor/Bus Compressor/Gate/Maximizer/sidechains/meters, units/scales, precise edits and undo
PASS preset socket: native files, dry runs, baseline state, atomic overwrite, independent file/song revisions, retry/read freshness, type/decoder rejection and Undo/Redo
PASS timing socket: fractional BPM, musical mode/beat/bar/groove, exact preview/retry/stale/no-op/history, strict fields, native document display and legacy patch parity
PASS alias socket: stable owners/MIDI channels, preview/retry/stale/no-op/Undo, conflicts and strict validation, reorder, presets, v5 persistence and legacy reassignment
PASS instrument envelope socket: stable identity, all shared tools, native tick/value clipboard, preview/retry/stale/no-op/history, empty generation, strict limits and removed identities
PASS command catalog socket: format metadata, extended prefixes, strict read, preview, field-preserving apply, stale rejection and undo
PASS independent pattern navigation: allocated pattern switch, shorter-pattern clamp, automatic follow off, unchanged song revision and restoration after structural undo
PASS local API socket: private discovery/permissions, JSON framing, real crescendo-roll client, dry run, one-step undo, preserved cells/effects, retry deduplication, competing writers and method schema; no windows or audio output
PASS native startup file: populated 127-channel document, ready UI context and API; no windows or audio
mac/Tests/PluginProgramsInterfaceTests.swift:6:90: error: consecutive statements on a line must be separated by ';'
 4 |     ["id":"vst3:0:17:0","name":"Warm pad","group":"Root / Factory","loadable":true],
 5 |     ["id":"vst3:7:18:2","name":"Bright brass","group":"Layer / Factory","loadable":true],
 6 |     ["id":"vst3:9:19:1","name":"Vintage keys","group":"External bank","loadable":false]]]]}
   |                                                                                          `- error: consecutive statements on a line must be separated by ';'
 7 |   static func pluginProgramsFixture()->PluginProgramsEditor {
 8 |     let view=PluginProgramsEditor(plugin:"unit-synth");view.onRequest={_,_,reply in reply(["result":["revision":"song:1","data":programsData]])};view.load();view.onRequest=nil

mac/Tests/PluginProgramsInterfaceTests.swift:6:90: error: expected expression
 4 |     ["id":"vst3:0:17:0","name":"Warm pad","group":"Root / Factory","loadable":true],
 5 |     ["id":"vst3:7:18:2","name":"Bright brass","group":"Layer / Factory","loadable":true],
 6 |     ["id":"vst3:9:19:1","name":"Vintage keys","group":"External bank","loadable":false]]]]}
   |                                                                                          `- error: expected expression
 7 |   static func pluginProgramsFixture()->PluginProgramsEditor {
 8 |     let view=PluginProgramsEditor(plugin:"unit-synth");view.onRequest={_,_,reply in reply(["result":["revision":"song:1","data":programsData]])};view.load();view.onRequest=nil
