-- Configuring done (0.1s)
-- Generating done (0.3s)
-- Build files have been written to: /Users/rewbs/code/openmpt/bin/mac-background
[  8%] Built target TrackerFLAC
[  9%] Built target plugin-preset-tests
[ 10%] Built target RealtimeAudit
[ 11%] Built target ResonanceFixture
[ 13%] Built target plugin-library-tests
[ 13%] Built target plugin-inventory-tests
[ 55%] Built target OpenMPTCore
[ 64%] Built target TrackerEditor
[ 65%] Built target tracker-core-tests
[ 65%] Built target song-timing-tests
[ 67%] Built target TrackerPlugins
[ 68%] Built target native-reverse-loop-tests
[ 69%] Built target sample-crossfade-tests
[ 69%] Built target sample-snap-tests
[ 69%] Built target sample-drawing-tests
[ 70%] Built target sample-copy-tests
[ 70%] Built target sample-clipboard-tests
[ 71%] Built target sample-archive-tests
[ 72%] Built target sample-processing-tests
[ 73%] Built target automation-tools-tests
[ 73%] Built target pattern-tools-tests
[ 74%] Built target pattern-commands-tests
[ 75%] Built target render-audit
[ 76%] Built target filter-tests
[ 77%] Building OBJCXX object CMakeFiles/plugin-tests.dir/Tests/PluginTests.mm.o
[ 77%] Built target oversampling-tests
[ 78%] Built target stress-tests
[ 78%] Built target routing-prototype-tests
[ 78%] Built target mixer-graph-tests
[ 79%] Built target mixer-runtime-tests
[ 79%] Built target sidechain-tests
[ 79%] Built target qualification-fixture
[ 79%] Building OBJCXX object CMakeFiles/plugin-lifecycle-tests.dir/Tests/PluginLifecycleTests.mm.o
[ 79%] Linking CXX executable plugin-tests
[ 79%] Linking CXX executable plugin-lifecycle-tests
[ 79%] Built target plugin-lifecycle-tests
[ 79%] Built target plugin-tests
[ 79%] Built target plugin-scanner
[ 79%] Building OBJCXX object CMakeFiles/TrackerMac.dir/Bridge/TrackerSession.mm.o
[ 79%] Linking CXX static library libTrackerMac.a
[ 81%] Built target TrackerMac
[ 82%] Building OBJCXX object CMakeFiles/plugin-preset-session-tests.dir/Tests/PluginPresetSessionTests.mm.o
[ 83%] Building OBJCXX object CMakeFiles/plugin-alias-tests.dir/Tests/PluginAliasTests.mm.o
/Users/rewbs/code/openmpt/mac/Tests/PluginPresetSessionTests.mm:52:9: warning: 'auto' deduced as 'id' in declaration of 'inspected' [-Wauto-var-id]
   52 |         auto inspected = call(@"plugin.preset.inspect", @{@"path": path})[@"data"];
      |         ^~~~~~~~~~~~~~
/Users/rewbs/code/openmpt/mac/Tests/PluginPresetSessionTests.mm:58:11: warning: 'auto' deduced as 'id' in declaration of 'instrument' [-Wauto-var-id]
   58 |           auto instrument = call(@"instrument.create", @{}, true)[@"data"][@"instrument"];
      |           ^~~~~~~~~~~~~~~
/Users/rewbs/code/openmpt/mac/Tests/PluginPresetSessionTests.mm:64:9: warning: 'auto' deduced as 'id' in declaration of 'envelope' [-Wauto-var-id]
   64 |         auto envelope = call(@"automation.pattern.get", @{@"pattern": @0})[@"data"];
      |         ^~~~~~~~~~~~~
/Users/rewbs/code/openmpt/mac/Tests/PluginPresetSessionTests.mm:66:9: warning: 'auto' deduced as 'id' in declaration of 'beforePorts' [-Wauto-var-id]
   66 |         auto beforePorts = call(@"plugin.buses.get", @{@"slot": @0})[@"data"];
      |         ^~~~~~~~~~~~~~~~
/Users/rewbs/code/openmpt/mac/Tests/PluginPresetSessionTests.mm:67:9: warning: 'auto' deduced as 'id' in declaration of 'touched' [-Wauto-var-id]
   67 |         auto touched = call(@"automation.target.get", @{})[@"data"][@"token"];
      |         ^~~~~~~~~~~~
/Users/rewbs/code/openmpt/mac/Tests/PluginPresetSessionTests.mm:82:9: warning: 'auto' deduced as 'id' in declaration of 'stale' [-Wauto-var-id]
   82 |         auto stale = [load mutableCopy]; stale[@"expectedRevision"] = revision;
      |         ^~~~~~~~~~
/Users/rewbs/code/openmpt/mac/Tests/PluginPresetSessionTests.mm:91:9: warning: 'auto' deduced as 'id' in declaration of 'neighbor' [-Wauto-var-id]
   91 |         auto neighbor = call(@"plugin.parameters.get", @{@"slot": @0})[@"data"];
      |         ^~~~~~~~~~~~~
7 warnings generated.
[ 83%] Linking CXX executable plugin-preset-session-tests
[ 83%] Built target plugin-preset-session-tests
[ 83%] Linking CXX executable song-timing-session-tests
/Users/rewbs/code/openmpt/mac/Tests/PluginAliasTests.mm:72:7: warning: 'auto' deduced as 'id' in declaration of 'root' [-Wauto-var-id]
   72 |       auto root=[[NSPropertyListSerialization propertyListWithData:[session serializedData] options:0 format:nil error:nil] mutableCopy];
      |       ^~~~~~~~~
/Users/rewbs/code/openmpt/mac/Tests/PluginAliasTests.mm:73:7: warning: 'auto' deduced as 'id' in declaration of 'item' [-Wauto-var-id]
   73 |       auto item=[dictionary(descriptor) mutableCopy];const auto captured=probe.state();item[@"state"]=[NSData dataWithBytes:captured.state.data() length:captured.state.size()];
      |       ^~~~~~~~~
/Users/rewbs/code/openmpt/mac/Tests/PluginAliasTests.mm:81:78: warning: 'auto' deduced as 'id' in declaration of 'p' [-Wauto-var-id]
   81 |     auto call=[&](NSString *method,NSDictionary *values,bool mutation=false){auto p=[values mutableCopy];if(mutation)p[@"expectedRevision"]=session.automationRevision;
      |                                                                              ^~~~~~
/Users/rewbs/code/openmpt/mac/Tests/PluginAliasTests.mm:88:5: warning: 'auto' deduced as 'id' in declaration of 'routing' [-Wauto-var-id]
   88 |     auto routing=call(@"plugin.instruments.get",@{@"plugin":identity})[@"data"];
      |     ^~~~~~~~~~~~
/Users/rewbs/code/openmpt/mac/Tests/PluginAliasTests.mm:114:5: warning: 'auto' deduced as 'id' in declaration of 'broken' [-Wauto-var-id]
  114 |     auto broken=[root mutableCopy];broken[@"version"]=@4;[[NSPropertyListSerialization dataWithPropertyList:broken format:NSPropertyListBinaryFormat_v1_0 options:0 error:nil] writeToFile:file atomically:YES];
      |     ^~~~~~~~~~~
/Users/rewbs/code/openmpt/mac/Tests/PluginAliasTests.mm:117:7: warning: 'auto' deduced as 'id' in declaration of 'malformed' [-Wauto-var-id]
  117 |       auto malformed=[root mutableCopy];auto plugin=[root[@"plugins"][0] mutableCopy];
      |       ^~~~~~~~~~~~~~
/Users/rewbs/code/openmpt/mac/Tests/PluginAliasTests.mm:117:41: warning: 'auto' deduced as 'id' in declaration of 'plugin' [-Wauto-var-id]
  117 |       auto malformed=[root mutableCopy];auto plugin=[root[@"plugins"][0] mutableCopy];
      |                                         ^~~~~~~~~~~
[ 84%] Built target song-timing-session-tests
[ 84%] Linking CXX executable sample-loop-tests
[ 85%] Built target sample-loop-tests
[ 85%] Linking CXX executable sample-crossfade-project-tests
[ 85%] Built target sample-crossfade-project-tests
[ 85%] Linking CXX executable sample-project-tests
[ 85%] Built target sample-project-tests
7 warnings generated.
[ 86%] Linking CXX executable sample-session-tests
[ 86%] Linking CXX executable plugin-alias-tests
[ 86%] Built target plugin-alias-tests
[ 86%] Built target sample-session-tests
[ 88%] Building OBJCXX object CMakeFiles/native-effects-tests.dir/Tests/NativeEffectsTests.mm.o
[ 88%] Building OBJCXX object CMakeFiles/eq-effects-tests.dir/Tests/EQEffectsTests.mm.o
/Users/rewbs/code/openmpt/mac/Tests/NativeEffectsTests.mm:146:5: warning: 'auto' deduced as 'id' in declaration of 'p' [-Wauto-var-id]
  146 |     auto p = [params mutableCopy]; if (write) p[@"expectedRevision"] = session.automationRevision;
      |     ^~~~~~
/Users/rewbs/code/openmpt/mac/Tests/NativeEffectsTests.mm:165:3: warning: 'auto' deduced as 'id' in declaration of 'state' [-Wauto-var-id]
  165 |   auto state = call(@"plugin.state.get", @{@"slot": @0})[@"data"];
      |   ^~~~~~~~~~
/Users/rewbs/code/openmpt/mac/Tests/EQEffectsTests.mm:162:3: warning: 'auto' deduced as 'id' in declaration of 'state' [-Wauto-var-id]
  162 |   auto state = call(@"plugin.state.get", @{@"slot": @0})[@"data"];
      |   ^~~~~~~~~~
2 warnings generated.
[ 88%] Linking CXX executable native-effects-tests
1 warning generated.
[ 88%] Linking CXX executable eq-effects-tests
[ 88%] Built target native-effects-tests
[ 88%] Built target eq-effects-tests
[ 88%] Building OBJCXX object CMakeFiles/comb-tests.dir/Tests/CombTests.mm.o
[ 89%] Building OBJCXX object CMakeFiles/distortion-tests.dir/Tests/DistortionTests.mm.o
[ 90%] Linking CXX executable comb-tests
[ 90%] Built target comb-tests
[ 90%] Building OBJCXX object CMakeFiles/lofi-tests.dir/Tests/LofiMatTests.mm.o
[ 90%] Linking CXX executable distortion-tests
[ 90%] Built target distortion-tests
[ 90%] Building OBJCXX object CMakeFiles/cabinet-tests.dir/Tests/CabinetTests.mm.o
[ 91%] Linking CXX executable lofi-tests
[ 91%] Built target lofi-tests
[ 91%] Building OBJCXX object CMakeFiles/dynamics-tests.dir/Tests/DynamicsTests.mm.o
[ 91%] Linking CXX executable dynamics-tests
[ 91%] Built target dynamics-tests
[ 91%] Building OBJCXX object CMakeFiles/maximizer-tests.dir/Tests/MaximizerTests.mm.o
[ 91%] Linking CXX executable cabinet-tests
[ 91%] Built target cabinet-tests
[ 92%] Linking CXX executable bus-compressor-tests
[ 92%] Built target bus-compressor-tests
[ 93%] Linking CXX executable session-tests
[ 93%] Built target session-tests
[ 93%] Linking CXX executable native-song-tests
[ 93%] Built target native-song-tests
[ 93%] Building CXX object CMakeFiles/device-tests.dir/Tests/DeviceTests.cpp.o
/Users/rewbs/code/openmpt/mac/Tests/MaximizerTests.mm:200:3: warning: 'auto' deduced as 'id' in declaration of 'state' [-Wauto-var-id]
  200 |   auto state=call(@"plugin.state.get",@{@"slot":@0})[@"data"];
      |   ^~~~~~~~~~
1 warning generated.
[ 94%] Linking CXX executable maximizer-tests
[ 94%] Built target maximizer-tests
[ 94%] Building CXX object CMakeFiles/loopback-tests.dir/Tests/LoopbackTests.cpp.o
[ 94%] Linking CXX executable device-tests
[ 94%] Built target device-tests
[ 94%] Linking CXX executable midi-tests
[ 94%] Built target midi-tests
[ 94%] Building OBJCXX object CMakeFiles/export-tests.dir/Tests/ExportTests.mm.o
[ 94%] Linking CXX executable loopback-tests
[ 94%] Built target loopback-tests
[ 94%] Building OBJCXX object CMakeFiles/native-mixer-tests.dir/Tests/NativeMixerTests.mm.o
[ 94%] Linking CXX executable export-tests
[ 94%] Built target export-tests
[ 94%] Building OBJCXX object CMakeFiles/multi-bus-tests.dir/Tests/MultiBusTests.mm.o
/Users/rewbs/code/openmpt/mac/Tests/NativeMixerTests.mm:104:7: warning: 'auto' deduced as 'id' in declaration of 'p' [-Wauto-var-id]
  104 |       auto p = [params mutableCopy]; if (write) p[@"expectedRevision"] = session.automationRevision;
      |       ^~~~~~
/Users/rewbs/code/openmpt/mac/Tests/NativeMixerTests.mm:111:7: warning: 'auto' deduced as 'id' in declaration of 'p' [-Wauto-var-id]
  111 |       auto p = [params mutableCopy]; p[@"expectedRevision"] = revision;
      |       ^~~~~~
/Users/rewbs/code/openmpt/mac/Tests/NativeMixerTests.mm:125:5: warning: 'auto' deduced as 'id' in declaration of 'group' [-Wauto-var-id]
  125 |     auto group = call(@"mixer.bus.add", @{@"kind": @"group", @"name": @"Rhythm"}, true)[@"data"][@"bus"];
      |     ^~~~~~~~~~
/Users/rewbs/code/openmpt/mac/Tests/NativeMixerTests.mm:126:5: warning: 'auto' deduced as 'id' in declaration of 'space' [-Wauto-var-id]
  126 |     auto space = call(@"mixer.bus.add", @{@"kind": @"return", @"name": @"Space"}, true)[@"data"][@"bus"];
      |     ^~~~~~~~~~
/Users/rewbs/code/openmpt/mac/Tests/NativeMixerTests.mm:164:5: warning: 'auto' deduced as 'id' in declaration of 'loaded' [-Wauto-var-id]
  164 |     auto loaded = call(@"mixer.get", @{})[@"data"];
      |     ^~~~~~~~~~~
5 warnings generated.
[ 94%] Linking CXX executable native-mixer-tests
[ 94%] Built target native-mixer-tests
[ 95%] Building OBJCXX object CMakeFiles/rack-tests.dir/Tests/RackTests.mm.o
/Users/rewbs/code/openmpt/mac/Tests/MultiBusTests.mm:170:7: warning: 'auto' deduced as 'id' in declaration of 'p' [-Wauto-var-id]
  170 |       auto p = [params mutableCopy]; if (write) p[@"expectedRevision"] = session.automationRevision;
      |       ^~~~~~
/Users/rewbs/code/openmpt/mac/Tests/MultiBusTests.mm:176:51: warning: 'auto' deduced as 'id' in declaration of 'p' [-Wauto-var-id]
  176 |       auto revision = session.automationRevision; auto p = [params mutableCopy]; p[@"expectedRevision"] = revision;
      |                                                   ^~~~~~
/Users/rewbs/code/openmpt/mac/Tests/MultiBusTests.mm:181:5: warning: 'auto' deduced as 'id' in declaration of 'info' [-Wauto-var-id]
  181 |     auto info = call(@"plugin.buses.get", @{@"slot": @0})[@"data"];
      |     ^~~~~~~~~
/Users/rewbs/code/openmpt/mac/Tests/MultiBusTests.mm:183:5: warning: 'auto' deduced as 'id' in declaration of 'id' [-Wauto-var-id]
  183 |     auto id = info[@"plugin"];
      |     ^~~~~~~
/Users/rewbs/code/openmpt/mac/Tests/MultiBusTests.mm:196:5: warning: 'auto' deduced as 'id' in declaration of 'graph' [-Wauto-var-id]
  196 |     auto graph = call(@"mixer.get", @{})[@"data"]; auto bus = graph[@"buses"][1][@"id"];
      |     ^~~~~~~~~~
/Users/rewbs/code/openmpt/mac/Tests/MultiBusTests.mm:196:52: warning: 'auto' deduced as 'id' in declaration of 'bus' [-Wauto-var-id]
  196 |     auto graph = call(@"mixer.get", @{})[@"data"]; auto bus = graph[@"buses"][1][@"id"];
      |                                                    ^~~~~~~~
6 warnings generated.
[ 95%] Building OBJCXX object CMakeFiles/multi-bus-tests.dir/Tests/FixtureAU.mm.o
[ 96%] Linking CXX executable multi-bus-tests
[ 96%] Built target multi-bus-tests
[ 97%] Building OBJCXX object CMakeFiles/mixer-device-tests.dir/Tests/MixerDeviceTests.mm.o
[ 97%] Linking CXX executable rack-tests
[ 97%] Built target rack-tests
[ 98%] Building OBJCXX object CMakeFiles/native-plugin-tests.dir/Tests/NativePluginTests.mm.o
[ 98%] Linking CXX executable mixer-device-tests
[ 98%] Built target mixer-device-tests
[ 98%] Building OBJCXX object CMakeFiles/musical-automation-tests.dir/Tests/MusicalAutomationTests.mm.o
[ 98%] Linking CXX executable native-plugin-tests
[ 98%] Built target native-plugin-tests
[ 98%] Linking CXX executable automation-tests
[ 98%] Built target automation-tests
[ 98%] Building OBJCXX object CMakeFiles/note-track-tests.dir/Tests/NoteTrackTests.mm.o
/Users/rewbs/code/openmpt/mac/Tests/MusicalAutomationTests.mm:208:9: warning: 'auto' deduced as 'id' in declaration of 'actual' [-Wauto-var-id]
  208 |         auto actual = call(@"automation.pattern.get", @{@"pattern":@0})[@"data"];
      |         ^~~~~~~~~~~
1 warning generated.
[ 98%] Linking CXX executable musical-automation-tests
[ 98%] Built target musical-automation-tests
[ 98%] Linking CXX executable automation-target-tests
[ 99%] Built target automation-target-tests
[100%] Linking CXX executable note-track-tests
[100%] Built target note-track-tests
/Users/rewbs/code/openmpt/bin/mac-background/Resonance.app/Contents/MacOS/plugin-scanner: replacing existing signature
/Users/rewbs/code/openmpt/bin/mac-background/Resonance.app: replacing existing signature
Built /Users/rewbs/code/openmpt/bin/mac-background/Resonance.app
