MODE 0 before (0.0, 0.0, 720.0, 722.0) (720.0, 690.0) (0.0, 0.0, 720.0, 690.0)
after (0.0, 0.0, 720.0, 722.0) (720.0, 690.0) (0.0, 0.0, 325.0, 690.0) autoresize true 18
Notes (95.0, 0.0, 0.0, 16.0) parent (0.0, 492.0, 285.0, 16.0)
Instruments (105.0, 0.0, 0.0, 16.0) parent (0.0, 492.0, 285.0, 16.0)
Volume / pan (115.0, 0.0, 95.0, 16.0) parent (0.0, 492.0, 285.0, 16.0)
Effects (220.0, 0.0, 65.0, 16.0) parent (0.0, 492.0, 285.0, 16.0)
MODE 1 before (0.0, 0.0, 720.0, 722.0) (720.0, 690.0) (0.0, 0.0, 720.0, 690.0)
after (0.0, 0.0, 720.0, 722.0) (720.0, 690.0) (0.0, 0.0, 325.0, 690.0) autoresize true 18
Notes (95.0, 0.0, 0.0, 16.0) parent (0.0, 492.0, 285.0, 16.0)
Instruments (105.0, 0.0, 0.0, 16.0) parent (0.0, 492.0, 285.0, 16.0)
Volume / pan (115.0, 0.0, 95.0, 16.0) parent (0.0, 492.0, 285.0, 16.0)
Effects (220.0, 0.0, 65.0, 16.0) parent (0.0, 492.0, 285.0, 16.0)
MODE 2 before (0.0, 0.0, 720.0, 722.0) (720.0, 690.0) (0.0, 0.0, 720.0, 690.0)
after (0.0, 0.0, 720.0, 722.0) (720.0, 690.0) (0.0, 0.0, 325.0, 690.0) autoresize true 18
Notes (95.0, 0.0, 0.0, 16.0) parent (0.0, 492.0, 285.0, 16.0)
Instruments (105.0, 0.0, 0.0, 16.0) parent (0.0, 492.0, 285.0, 16.0)
Volume / pan (115.0, 0.0, 95.0, 16.0) parent (0.0, 492.0, 285.0, 16.0)
Effects (220.0, 0.0, 65.0, 16.0) parent (0.0, 492.0, 285.0, 16.0)
MODE 3 before (0.0, 0.0, 720.0, 722.0) (720.0, 690.0) (0.0, 0.0, 0.0, 0.0)
after (0.0, 0.0, 720.0, 722.0) (720.0, 690.0) (0.0, 0.0, 325.0, 690.0) autoresize false 0
Notes (95.0, 0.0, 0.0, 16.0) parent (0.0, 492.0, 285.0, 16.0)
Instruments (105.0, 0.0, 0.0, 16.0) parent (0.0, 492.0, 285.0, 16.0)
Volume / pan (115.0, 0.0, 95.0, 16.0) parent (0.0, 492.0, 285.0, 16.0)
Effects (220.0, 0.0, 65.0, 16.0) parent (0.0, 492.0, 285.0, 16.0)
MODE 4 before (0.0, 0.0, 720.0, 722.0) (720.0, 690.0) (0.0, 0.0, 720.0, 690.0)
after (0.0, 0.0, 720.0, 722.0) (720.0, 690.0) (0.0, 0.0, 720.0, 690.0) autoresize true 18
Notes (95.0, 0.0, 295.5, 16.0) parent (0.0, 492.0, 680.0, 16.0)
Instruments (400.5, 0.0, 94.0, 16.0) parent (0.0, 492.0, 680.0, 16.0)
Volume / pan (504.5, 0.0, 100.5, 16.0) parent (0.0, 492.0, 680.0, 16.0)
Effects (615.0, 0.0, 65.0, 16.0) parent (0.0, 492.0, 680.0, 16.0)
