-- Configuring done (0.1s)
-- Generating done (0.2s)
-- Build files have been written to: /Users/rewbs/code/openmpt/bin/mac-background
[  8%] Built target TrackerFLAC
[  9%] Built target plugin-preset-tests
[ 10%] Built target RealtimeAudit
[ 11%] Built target ResonanceFixture
[ 12%] Built target plugin-inventory-tests
[ 13%] Built target plugin-library-tests
[ 54%] Built target OpenMPTCore
[ 54%] Building CXX object CMakeFiles/TrackerEditor.dir/Users/rewbs/code/openmpt/editor/TrackerDocument.cpp.o
[ 54%] Building CXX object CMakeFiles/TrackerEditor.dir/Users/rewbs/code/openmpt/editor/SampleArchive.cpp.o
[ 54%] Linking CXX static library libTrackerEditor.a
[ 63%] Built target TrackerEditor
[ 64%] Linking CXX executable tracker-core-tests
[ 66%] Built target TrackerPlugins
[ 66%] Built target tracker-core-tests
[ 66%] Building CXX object CMakeFiles/instrument-envelope-tests.dir/Tests/InstrumentEnvelopeTests.cpp.o
[ 66%] Building CXX object CMakeFiles/song-timing-tests.dir/Tests/SongTimingTests.cpp.o
[ 66%] Linking CXX executable instrument-envelope-tests
[ 66%] Built target instrument-envelope-tests
[ 66%] Linking CXX executable song-timing-tests
[ 67%] Building CXX object CMakeFiles/native-reverse-loop-tests.dir/Tests/NativeReverseLoopTests.cpp.o
[ 67%] Built target song-timing-tests
[ 67%] Linking CXX executable sample-crossfade-tests
[ 68%] Built target sample-crossfade-tests
[ 68%] Linking CXX executable sample-snap-tests
[ 68%] Built target sample-snap-tests
[ 68%] Linking CXX executable sample-drawing-tests
[ 68%] Built target sample-drawing-tests
[ 68%] Linking CXX executable sample-copy-tests
[ 69%] Built target sample-copy-tests
[ 69%] Linking CXX executable sample-clipboard-tests
[ 69%] Built target sample-clipboard-tests
[ 69%] Building CXX object CMakeFiles/sample-archive-tests.dir/Tests/SampleArchiveTests.cpp.o
[ 69%] Linking CXX executable native-reverse-loop-tests
[ 69%] Built target native-reverse-loop-tests
[ 70%] Linking CXX executable sample-processing-tests
[ 70%] Built target sample-processing-tests
[ 70%] Linking CXX executable automation-tools-tests
[ 70%] Built target automation-tools-tests
[ 71%] Linking CXX executable pattern-tools-tests
[ 71%] Built target pattern-tools-tests
[ 72%] Linking CXX executable pattern-commands-tests
[ 72%] Linking CXX executable sample-archive-tests
[ 72%] Built target sample-archive-tests
[ 73%] Built target pattern-commands-tests
[ 74%] Linking CXX executable render-audit
[ 74%] Linking CXX executable plugin-tests
[ 74%] Built target render-audit
[ 74%] Linking CXX executable filter-tests
[ 75%] Built target plugin-tests
[ 75%] Built target filter-tests
[ 75%] Linking CXX executable oversampling-tests
[ 75%] Linking CXX executable stress-tests
[ 75%] Built target oversampling-tests
[ 76%] Built target stress-tests
[ 76%] Linking CXX executable routing-prototype-tests
[ 77%] Linking CXX executable mixer-graph-tests
[ 77%] Built target routing-prototype-tests
[ 77%] Built target mixer-graph-tests
[ 77%] Linking CXX executable mixer-runtime-tests
[ 77%] Linking CXX executable sidechain-tests
[ 77%] Built target mixer-runtime-tests
[ 77%] Built target sidechain-tests
[ 78%] Linking CXX executable qualification-fixture
[ 79%] Linking CXX executable plugin-lifecycle-tests
[ 79%] Built target qualification-fixture
[ 79%] Built target plugin-lifecycle-tests
[ 79%] Building OBJCXX object CMakeFiles/TrackerMac.dir/Bridge/TrackerSession.mm.o
[ 79%] Linking CXX executable plugin-scanner
[ 79%] Built target plugin-scanner
In file included from /Users/rewbs/code/openmpt/mac/Bridge/TrackerSession.mm:1502:
In file included from /Users/rewbs/code/openmpt/mac/Bridge/TrackerSessionAPI.inc:722:
/Users/rewbs/code/openmpt/mac/Bridge/InstrumentEnvelopeToolsAPI.inc:13:57: warning: 'auto' deduced as 'id' in declaration of 'value' [-Wauto-var-id]
   13 |       auto info=[&](const InstrumentEnvelope &envelope){auto value=[instrumentEnvelopeInfo(envelope,maximum) mutableCopy];
      |                                                         ^~~~~~~~~~
1 warning generated.
[ 79%] Linking CXX static library libTrackerMac.a
[ 82%] Built target TrackerMac
[ 82%] Linking CXX executable plugin-preset-session-tests
[ 83%] Building OBJCXX object CMakeFiles/instrument-envelope-session-tests.dir/Tests/InstrumentEnvelopeSessionTests.mm.o
[ 83%] Built target plugin-preset-session-tests
[ 83%] Linking CXX executable plugin-alias-tests
[ 83%] Built target plugin-alias-tests
[ 84%] Building OBJCXX object CMakeFiles/song-timing-session-tests.dir/Tests/SongTimingSessionTests.mm.o
/Users/rewbs/code/openmpt/mac/Tests/InstrumentEnvelopeSessionTests.mm:21:75: warning: 'auto' deduced as 'id' in declaration of 'p' [-Wauto-var-id]
   21 |     auto call=[&](NSString *method,NSDictionary *params,bool write=false){auto p=[params mutableCopy];if(write)p[@"expectedRevision"]=session.automationRevision;
      |                                                                           ^~~~~~
/Users/rewbs/code/openmpt/mac/Tests/InstrumentEnvelopeSessionTests.mm:23:80: warning: 'auto' deduced as 'id' in declaration of 'before' [-Wauto-var-id]
   23 |     NSDictionary *target=@{@"instrument":identity,@"envelope":@"volume"};const auto before=call(@"instrument.envelope.get",target)[@"data"];
      |                                                                          ~~~~~~^~~~~~~~~~~
/Users/rewbs/code/openmpt/mac/Tests/InstrumentEnvelopeSessionTests.mm:25:5: warning: 'auto' deduced as 'id' in declaration of 'dry' [-Wauto-var-id]
   25 |     auto dry=[params mutableCopy];dry[@"dryRun"]=@YES;NSString *revision=session.automationRevision;
      |     ^~~~~~~~
/Users/rewbs/code/openmpt/mac/Tests/InstrumentEnvelopeSessionTests.mm:26:11: warning: 'auto' deduced as 'id' in declaration of 'preview' [-Wauto-var-id]
   26 |     const auto preview=call(@"instrument.envelope.transform",dry,true)[@"data"];
      |     ~~~~~~^~~~~~~~~~~~
/Users/rewbs/code/openmpt/mac/Tests/InstrumentEnvelopeSessionTests.mm:28:56: warning: 'auto' deduced as 'id' in declaration of 'after' [-Wauto-var-id]
   28 |     call(@"instrument.envelope.transform",params,true);auto after=call(@"instrument.envelope.get",target)[@"data"];
      |                                                        ^~~~~~~~~~
/Users/rewbs/code/openmpt/mac/Tests/InstrumentEnvelopeSessionTests.mm:30:5: warning: 'auto' deduced as 'id' in declaration of 'noop' [-Wauto-var-id]
   30 |     auto noop=[params mutableCopy];noop[@"operation"]=@"scale";noop[@"options"]=@{@"amount":@1};
      |     ^~~~~~~~~
/Users/rewbs/code/openmpt/mac/Tests/InstrumentEnvelopeSessionTests.mm:44:5: warning: 'auto' deduced as 'id' in declaration of 'malformed' [-Wauto-var-id]
   44 |     auto malformed=[params mutableCopy];malformed[@"operation"]=@"shift";malformed[@"options"]=@{@"amount":@1};malformed[@"expectedRevision"]=session.automationRevision;
      |     ^~~~~~~~~~~~~~
7 warnings generated.
[ 84%] Linking CXX executable instrument-envelope-session-tests
/Users/rewbs/code/openmpt/mac/Tests/SongTimingSessionTests.mm:16:73: warning: 'auto' deduced as 'id' in declaration of 'params' [-Wauto-var-id]
   16 |     auto call=[&](NSString *method,NSDictionary *p,bool mutation=false){auto params=[p mutableCopy];if(mutation)params[@"expectedRevision"]=session.automationRevision;
      |                                                                         ^~~~~~~~~~~
/Users/rewbs/code/openmpt/mac/Tests/SongTimingSessionTests.mm:18:5: warning: 'auto' deduced as 'id' in declaration of 'before' [-Wauto-var-id]
   18 |     auto before=call(@"document.timing.get",@{})[@"data"];
      |     ^~~~~~~~~~~
/Users/rewbs/code/openmpt/mac/Tests/SongTimingSessionTests.mm:20:45: warning: 'auto' deduced as 'id' in declaration of 'edited' [-Wauto-var-id]
   20 |     call(@"document.timing.set",patch,true);auto edited=call(@"document.timing.get",@{})[@"data"];
      |                                             ^~~~~~~~~~~
[ 84%] Built target instrument-envelope-session-tests
/Users/rewbs/code/openmpt/mac/Tests/SongTimingSessionTests.mm:33:75: warning: 'auto' deduced as 'id' in declaration of 'bad' [-Wauto-var-id]
   33 |       auto damaged=packSongSnapshot(parts.module,parts.samples,malformed);auto bad=[root mutableCopy];bad[@"module"]=[NSData dataWithBytes:damaged.data() length:damaged.size()];
      |                                                                           ^~~~~~~~
[ 84%] Linking CXX executable sample-loop-tests
[ 85%] Built target sample-loop-tests
4 warnings generated.
[ 85%] Linking CXX executable song-timing-session-tests
[ 85%] Linking CXX executable sample-crossfade-project-tests
[ 85%] Built target song-timing-session-tests
[ 85%] Built target sample-crossfade-project-tests
[ 85%] Building OBJCXX object CMakeFiles/sample-project-tests.dir/Tests/SampleProjectTests.mm.o
[ 86%] Linking CXX executable sample-session-tests
[ 86%] Built target sample-session-tests
[ 86%] Linking CXX executable native-effects-tests
[ 86%] Built target native-effects-tests
[ 86%] Linking CXX executable eq-effects-tests
[ 86%] Built target eq-effects-tests
[ 86%] Linking CXX executable comb-tests
[ 87%] Built target comb-tests
[ 87%] Linking CXX executable distortion-tests
[ 87%] Built target distortion-tests
[ 87%] Linking CXX executable lofi-tests
[ 88%] Built target lofi-tests
[ 88%] Linking CXX executable cabinet-tests
[ 88%] Built target cabinet-tests
[ 89%] Linking CXX executable dynamics-tests
[ 89%] Built target dynamics-tests
[ 89%] Linking CXX executable maximizer-tests
[ 89%] Linking CXX executable sample-project-tests
[ 90%] Built target maximizer-tests
[ 90%] Linking CXX executable bus-compressor-tests
[ 90%] Built target sample-project-tests
[ 91%] Linking CXX executable session-tests
[ 92%] Built target bus-compressor-tests
[ 92%] Building OBJCXX object CMakeFiles/native-song-tests.dir/Tests/NativeSongTests.mm.o
[ 92%] Built target session-tests
[ 93%] Linking CXX executable device-tests
[ 93%] Built target device-tests
[ 93%] Linking CXX executable loopback-tests
[ 93%] Built target loopback-tests
[ 94%] Linking CXX executable midi-tests
[ 94%] Built target midi-tests
[ 95%] Linking CXX executable export-tests
[ 95%] Built target export-tests
[ 96%] Linking CXX executable native-mixer-tests
[ 96%] Built target native-mixer-tests
[ 96%] Linking CXX executable multi-bus-tests
[ 97%] Built target multi-bus-tests
[ 97%] Linking CXX executable rack-tests
/Users/rewbs/code/openmpt/mac/Tests/NativeSongTests.mm:148:9: warning: 'auto' deduced as 'id' in declaration of 'compatible' [-Wauto-var-id]
  148 |         auto compatible = [NSPropertyListSerialization propertyListWithData:[session serializedData] options:0 format:nil error:nil];
      |         ^~~~~~~~~~~~~~~
[ 97%] Built target rack-tests
[ 97%] Linking CXX executable mixer-device-tests
[ 97%] Built target mixer-device-tests
[ 97%] Linking CXX executable native-plugin-tests
[ 97%] Built target native-plugin-tests
[ 98%] Linking CXX executable musical-automation-tests
1 warning generated.
[ 98%] Linking CXX executable native-song-tests
[ 98%] Built target musical-automation-tests
[ 98%] Linking CXX executable automation-tests
[ 98%] Built target native-song-tests
[ 98%] Linking CXX executable note-track-tests
[ 99%] Built target automation-tests
[ 99%] Linking CXX executable automation-target-tests
[100%] Built target note-track-tests
[100%] Built target automation-target-tests
/Users/rewbs/code/openmpt/bin/mac-background/Resonance.app/Contents/MacOS/plugin-scanner: replacing existing signature
/Users/rewbs/code/openmpt/bin/mac-background/Resonance.app: replacing existing signature
Built /Users/rewbs/code/openmpt/bin/mac-background/Resonance.app
