PASS editor drafts: popups resolve stable IDs, reloads keep drafts, busy edits retry, Tab leaves canvases
PASS parameter activity UI: stable target selection, source links, retired replies and trace zoom
Mixer strip diagnostic: 240 buses, 600 meter updates 177.0 ms, 9 control sets allocated through full traversal (not display cadence)
PASS connected workspace: retained panels/pins, focus layout, placement, saved layout, compact automation, changed-field asset apply, restored dividers
PASS audio-to-parameter gesture: typed sockets, both drag directions, explicit converter, zero-depth atomic requests and stale cancellation
PASS graph control refresh: stable menus/accepted text, current revisions and real external changes
PASS graph draw culling: cable-label overhang, frame stroke, reroutes/handles and skipped offscreen cards
PASS graph incremental telemetry: pixel-exact meters/listen/aliases/stop/retirement, offscreen invalidation and text work skipped
PASS graph telemetry indices/cache: first match, ordering, alias identity, retirement and external structural/port renames
PASS exact cable observations: route identity, physical isolation, adopted gain/delay, ambiguity, retirement, pending topology and scope/listen keys
PASS graph provenance: bounded lazy references, exact source bridges, immutable base wires, stale reads, Back and unloaded recorded data
PASS shared graph UI: distinct audio/modulation edges, channel context, compact canvas and revision-checked errors
PASS note routing UI: typed channel/instrument ports, implicit suppression, exact MIDI mapping identity, immediate controls and stale keyboard guards
PASS typed outer graph-stage routing: declared union, aggregate labels, exact stable endpoints, one mutation, repatch/cut and no copy proxy
PASS graph parameter catalogue: stable targets, duplicate names, readonly reasons, retired reads and pending focus
PASS typed socket keyboard routing: stable IDs, hidden endpoints, sidechain, explicit move/sum, discrete/follower choices, stale guards and return navigation
PASS cached recipe drag preview: mixed audio/control cycles, rewires, disabled controls, converter path, exact aliases, no hover requests, typed/stale rejection
PASS multisample review: full family, octave correction/bounds, visible name, dry run, stale guard and duplicate dispatch
PASS sample browser: stale searches, inherited folder filters, keyboard preview, multi-selection and one-shot bulk dispatch
PASS envelope UI: completion snippets, stale formula previews, retained formulas, linked status, target guards and explicit copy/link requests
PASS pattern grid: modifier-safe typing, busy key queue, audition release, repeat handling, clamped navigation, plus-key shortcuts, palette validation, apply reporting, background paste
Plugin browser 4096-entry load and search: 24.46 ms (offscreen diagnostic, not a presentation gate)
PASS editor layouts and native keyboard transport/remapping, note lifecycle, safe sample indices, undo routing, deferred bulk edits, selection bounds and envelope node editing
