-- Configuring done (0.1s)
-- Generating done (0.4s)
-- Build files have been written to: /Users/rewbs/code/openmpt/bin/mac-graph-fluency
[  1%] Built target RealtimeAudit
[  7%] Built target TrackerFLAC
[  7%] Built target plugin-audio-layout-tests
[  8%] Built target ResonanceFixture
[  9%] Built target plugin-preset-tests
[ 10%] Built target plugin-inventory-tests
[ 10%] Built target realtime-transition-tests
[ 11%] Built target plugin-library-tests
[ 40%] Built target OpenMPTCore
[ 50%] Built target TrackerEditor
[ 51%] Built target instrument-envelope-tests
[ 52%] Built target tracker-core-tests
[ 52%] Built target song-timing-tests
[ 52%] Built target sample-snap-tests
[ 52%] Built target native-reverse-loop-tests
[ 52%] Built target sample-crossfade-tests
[ 53%] Built target sample-clipboard-tests
[ 54%] Built target sample-drawing-tests
[ 54%] Built target sample-copy-tests
[ 55%] Built target sample-processing-tests
[ 56%] Built target sample-archive-tests
[ 56%] Built target automation-tools-tests
[ 60%] Built target TrackerHosted
[ 61%] Built target pattern-tools-tests
[ 61%] Built target render-audit
[ 61%] Built target pattern-commands-tests
[ 62%] Built target filter-tests
[ 62%] Built target oversampling-tests
[ 63%] Built target mixer-graph-tests
[ 63%] Built target stress-tests
[ 63%] Built target routing-prototype-tests
[ 63%] Built target mixer-publication-tests
[ 64%] Built target mixer-transition-tests
[ 65%] Built target mixer-runtime-tests
[ 65%] Built target sidechain-tests
[ 65%] Built target note-routing-tests
[ 65%] Built target recorded-automation-tests
[ 65%] Built target qualification-fixture
[ 65%] Built target plugin-lifecycle-tests
[ 65%] Built target graph-signal-observation-tests
[ 65%] Built target signal-graph-tests
[ 65%] Built target song-modulation-tests
[ 66%] Built target plugin-note-sources-tests
[ 66%] Built target effect-auxiliary-tests
[ 67%] Built target playback-region-tests
[ 67%] Built target curve-formula-tests
[ 67%] Built target document-history-allocation-tests
[ 67%] Built target parameter-provenance-tests
[ 68%] Built target windows-native-metadata-tests
[ 68%] Built target graph-editing-tests
[ 69%] Built target windows-graph-document-tests
[ 69%] Built target signal-group-bypass-tests
[ 71%] Built target signal-group-runtime-tests
[ 71%] Built target song-group-runtime-tests
[ 71%] Built target mixer-plugin-routing-tests
[ 71%] Built target plugin-tests
[ 71%] Built target plugin-scanner
[ 73%] Built target TrackerMac
[ 74%] Built target record-nudge-tests
[ 75%] Built target precise-ramp-tests
[ 75%] Built target precise-note-tests
[ 75%] Built target pattern-pitch-tests
[ 75%] Built target unified-effects-tests
[ 76%] Built target pattern-performance-tests
[ 76%] Built target plugin-preset-session-tests
[ 77%] Built target plugin-program-tests
[ 78%] Built target recovery-session-tests
[ 79%] Built target instrument-envelope-session-tests
[ 79%] Built target song-timing-session-tests
[ 79%] Built target plugin-alias-tests
[ 80%] Built target sample-loop-tests
[ 80%] Built target sample-crossfade-project-tests
[ 80%] Built target sample-project-tests
[ 81%] Built target sample-session-tests
[ 81%] Built target sample-import-tests
[ 81%] Built target native-effects-tests
[ 81%] Built target comb-tests
[ 82%] Built target lofi-tests
[ 82%] Built target distortion-tests
[ 83%] Built target eq-effects-tests
[ 84%] Built target cabinet-tests
[ 85%] Built target dynamics-tests
[ 85%] Built target bus-compressor-tests
[ 85%] Built target maximizer-tests
[ 85%] Built target session-tests
[ 86%] Built target device-tests
[ 86%] Built target native-song-tests
[ 86%] Built target loopback-tests
[ 87%] Built target midi-tests
[ 87%] Built target commercial-graph-qualification
[ 87%] Built target export-tests
[ 88%] Built target native-mixer-tests
[ 89%] Built target rack-preset-tests
[ 90%] Built target multi-bus-tests
[ 90%] Built target rack-tests
[ 90%] Built target mixer-device-tests
[ 90%] Built target native-plugin-tests
[ 90%] Built target plugin-robustness-tests
[ 90%] Built target musical-automation-tests
[ 90%] Built target plugin-latency-tests
[ 90%] Built target automation-tests
[ 91%] Built target plugin-trust-tests
[ 92%] Built target note-track-tests
[ 93%] Built target plugin-shutdown-tests
[ 93%] Built target automation-target-tests
[ 94%] Built target native-note-routing-tests
[ 95%] Built target native-source-migration-tests
[ 96%] Built target native-signal-graph-tests
[ 97%] Built target signal-graph-session-tests
[ 97%] Built target signal-routing-tests
[ 97%] Built target signal-graph-performance
[ 98%] Built target curve-formula-session-tests
[ 98%] Built target envelope-bank-tests
[ 98%] Built target playback-display-tests
[ 99%] Built target parameter-activity-tests
[ 99%] Built target unified-history-tests
[100%] Built target windows-mixer-document-tests
/Users/rewbs/code/openmpt/bin/mac-graph-fluency/ScreamSeq.app/Contents/MacOS/plugin-scanner: replacing existing signature
/Users/rewbs/code/openmpt/bin/mac-graph-fluency/ScreamSeq.app: replacing existing signature
Built /Users/rewbs/code/openmpt/bin/mac-graph-fluency/ScreamSeq.app
