{"file": "test.mod", "order": 0, "sequence": 0, "rate": 44100, "maxError": 0.0, "rmsError": 0.0, "frames": 94374, "callbacks": 186, "allocations": 0, "deallocations": 0, "locks": 0, "maxMicros": 102.834}
{"file": "test.mod", "order": 0, "sequence": 0, "rate": 48000, "maxError": 0.0, "rmsError": 0.0, "frames": 102720, "callbacks": 202, "allocations": 0, "deallocations": 0, "locks": 0, "maxMicros": 48.209}
{"file": "test.mod", "order": 0, "sequence": 0, "rate": 96000, "maxError": 0.0, "rmsError": 0.0, "frames": 205440, "callbacks": 403, "allocations": 0, "deallocations": 0, "locks": 0, "maxMicros": 25.625}
{"file": "test.xm", "order": 0, "sequence": 0, "rate": 44100, "maxError": 0.0, "rmsError": 0.0, "frames": 308985, "callbacks": 605, "allocations": 0, "deallocations": 0, "locks": 0, "maxMicros": 45.75}
{"file": "test.xm", "order": 0, "sequence": 0, "rate": 48000, "maxError": 0.0, "rmsError": 0.0, "frames": 336310, "callbacks": 658, "allocations": 0, "deallocations": 0, "locks": 0, "maxMicros": 74.666}
{"file": "test.xm", "order": 0, "sequence": 0, "rate": 96000, "maxError": 0.0, "rmsError": 0.0, "frames": 672621, "callbacks": 1315, "allocations": 0, "deallocations": 0, "locks": 0, "maxMicros": 23.875}
{"file": "test.s3m", "order": 0, "sequence": 0, "rate": 44100, "maxError": 0.0, "rmsError": 0.0, "frames": 1323008, "callbacks": 2584, "allocations": 0, "deallocations": 0, "locks": 0, "maxMicros": 90.5}
{"file": "test.s3m", "order": 0, "sequence": 0, "rate": 48000, "maxError": 0.0, "rmsError": 0.0, "frames": 1440256, "callbacks": 2813, "allocations": 0, "deallocations": 0, "locks": 0, "maxMicros": 26.875}
{"file": "test.s3m", "order": 0, "sequence": 0, "rate": 96000, "maxError": 0.0, "rmsError": 0.0, "frames": 2880000, "callbacks": 5625, "allocations": 0, "deallocations": 0, "locks": 0, "maxMicros": 53.041}
{"file": "demo.mptm", "order": 0, "sequence": 0, "rate": 44100, "maxError": 0.0, "rmsError": 0.0, "frames": 687162, "callbacks": 1344, "allocations": 0, "deallocations": 0, "locks": 0, "maxMicros": 69.166}
{"file": "demo.mptm", "order": 0, "sequence": 0, "rate": 48000, "maxError": 0.0, "rmsError": 0.0, "frames": 747456, "callbacks": 1461, "allocations": 0, "deallocations": 0, "locks": 0, "maxMicros": 43.875}
{"file": "demo.mptm", "order": 0, "sequence": 0, "rate": 96000, "maxError": 0.0, "rmsError": 0.0, "frames": 1495680, "callbacks": 2923, "allocations": 0, "deallocations": 0, "locks": 0, "maxMicros": 31.542}
{"file": "demo.it", "order": 0, "sequence": 0, "rate": 44100, "maxError": 0.0, "rmsError": 0.0, "frames": 345786, "callbacks": 677, "allocations": 0, "deallocations": 0, "locks": 0, "maxMicros": 64.084}
{"file": "demo.it", "order": 0, "sequence": 0, "rate": 48000, "maxError": 0.0, "rmsError": 0.0, "frames": 376128, "callbacks": 736, "allocations": 0, "deallocations": 0, "locks": 0, "maxMicros": 32.666}
{"file": "demo.it", "order": 0, "sequence": 0, "rate": 96000, "maxError": 0.0, "rmsError": 0.0, "frames": 752640, "callbacks": 1471, "allocations": 0, "deallocations": 0, "locks": 0, "maxMicros": 41.792}
{"file": "loops.mptm", "order": 0, "sequence": 0, "rate": 44100, "maxError": 0.0, "rmsError": 0.0, "frames": 601818, "callbacks": 1177, "allocations": 0, "deallocations": 0, "locks": 0, "maxMicros": 50.5}
{"file": "loops.mptm", "order": 0, "sequence": 0, "rate": 48000, "maxError": 0.0, "rmsError": 0.0, "frames": 654624, "callbacks": 1280, "allocations": 0, "deallocations": 0, "locks": 0, "maxMicros": 166.625}
{"file": "loops.mptm", "order": 0, "sequence": 0, "rate": 96000, "maxError": 0.0, "rmsError": 0.0, "frames": 1309920, "callbacks": 2560, "allocations": 0, "deallocations": 0, "locks": 0, "maxMicros": 65.834}
{"file": "test.mptm", "order": 0, "sequence": 0, "rate": 44100, "maxError": 0.0, "rmsError": 0.0, "frames": 270722, "callbacks": 530, "allocations": 0, "deallocations": 0, "locks": 0, "maxMicros": 57.917}
{"file": "test.mptm", "order": 0, "sequence": 0, "rate": 48000, "maxError": 0.0, "rmsError": 0.0, "frames": 294663, "callbacks": 577, "allocations": 0, "deallocations": 0, "locks": 0, "maxMicros": 49.625}
{"file": "test.mptm", "order": 0, "sequence": 0, "rate": 96000, "maxError": 0.0, "rmsError": 0.0, "frames": 589327, "callbacks": 1153, "allocations": 0, "deallocations": 0, "locks": 0, "maxMicros": 51.334}
{"file": "demo.mptm", "order": 1, "sequence": 0, "rate": 44100, "maxError": 0.0, "rmsError": 0.0, "frames": 345786, "callbacks": 677, "allocations": 0, "deallocations": 0, "locks": 0, "maxMicros": 24.541}
{"file": "demo.mptm", "order": 1, "sequence": 0, "rate": 48000, "maxError": 0.0, "rmsError": 0.0, "frames": 376128, "callbacks": 736, "allocations": 0, "deallocations": 0, "locks": 0, "maxMicros": 77.75}
{"file": "demo.mptm", "order": 1, "sequence": 0, "rate": 96000, "maxError": 0.0, "rmsError": 0.0, "frames": 752640, "callbacks": 1471, "allocations": 0, "deallocations": 0, "locks": 0, "maxMicros": 67.584}
{"file": "sequences.mptm", "order": 0, "sequence": 0, "rate": 44100, "maxError": 0.0, "rmsError": 0.0, "frames": 345786, "callbacks": 677, "allocations": 0, "deallocations": 0, "locks": 0, "maxMicros": 38.375}
{"file": "sequences.mptm", "order": 0, "sequence": 0, "rate": 48000, "maxError": 0.0, "rmsError": 0.0, "frames": 376128, "callbacks": 736, "allocations": 0, "deallocations": 0, "locks": 0, "maxMicros": 39.458}
{"file": "sequences.mptm", "order": 0, "sequence": 0, "rate": 96000, "maxError": 0.0, "rmsError": 0.0, "frames": 752640, "callbacks": 1471, "allocations": 0, "deallocations": 0, "locks": 0, "maxMicros": 42.292}
{"file": "sequences.mptm", "order": 0, "sequence": 1, "rate": 44100, "maxError": 0.0, "rmsError": 0.0, "frames": 445242, "callbacks": 871, "allocations": 0, "deallocations": 0, "locks": 0, "maxMicros": 92.458}
{"file": "sequences.mptm", "order": 0, "sequence": 1, "rate": 48000, "maxError": 0.0, "rmsError": 0.0, "frames": 484800, "callbacks": 948, "allocations": 0, "deallocations": 0, "locks": 0, "maxMicros": 39.541}
{"file": "sequences.mptm", "order": 0, "sequence": 1, "rate": 96000, "maxError": 0.0, "rmsError": 0.0, "frames": 969600, "callbacks": 1895, "allocations": 0, "deallocations": 0, "locks": 0, "maxMicros": 37.958}
PASS 30 render comparisons; zero intercepted allocation, release or mutex calls. /Users/rewbs/code/openmpt/bin/mac-graph-fluency/audio-test-results.json
