{"file": "test.mod", "order": 0, "sequence": 0, "rate": 44100, "maxError": 0.0, "rmsError": 0.0, "frames": 94374, "callbacks": 186, "allocations": 0, "deallocations": 0, "locks": 0, "maxMicros": 92.459}
{"file": "test.mod", "order": 0, "sequence": 0, "rate": 48000, "maxError": 0.0, "rmsError": 0.0, "frames": 102720, "callbacks": 202, "allocations": 0, "deallocations": 0, "locks": 0, "maxMicros": 23.791}
{"file": "test.mod", "order": 0, "sequence": 0, "rate": 96000, "maxError": 0.0, "rmsError": 0.0, "frames": 205440, "callbacks": 403, "allocations": 0, "deallocations": 0, "locks": 0, "maxMicros": 26.708}
{"file": "test.xm", "order": 0, "sequence": 0, "rate": 44100, "maxError": 0.0, "rmsError": 0.0, "frames": 308985, "callbacks": 605, "allocations": 0, "deallocations": 0, "locks": 0, "maxMicros": 89.667}
{"file": "test.xm", "order": 0, "sequence": 0, "rate": 48000, "maxError": 0.0, "rmsError": 0.0, "frames": 336310, "callbacks": 658, "allocations": 0, "deallocations": 0, "locks": 0, "maxMicros": 44}
{"file": "test.xm", "order": 0, "sequence": 0, "rate": 96000, "maxError": 0.0, "rmsError": 0.0, "frames": 672621, "callbacks": 1315, "allocations": 0, "deallocations": 0, "locks": 0, "maxMicros": 45.375}
{"file": "test.s3m", "order": 0, "sequence": 0, "rate": 44100, "maxError": 0.0, "rmsError": 0.0, "frames": 1323008, "callbacks": 2584, "allocations": 0, "deallocations": 0, "locks": 0, "maxMicros": 433.583}
{"file": "test.s3m", "order": 0, "sequence": 0, "rate": 48000, "maxError": 0.0, "rmsError": 0.0, "frames": 1440256, "callbacks": 2813, "allocations": 0, "deallocations": 0, "locks": 0, "maxMicros": 55.417}
{"file": "test.s3m", "order": 0, "sequence": 0, "rate": 96000, "maxError": 0.0, "rmsError": 0.0, "frames": 2880000, "callbacks": 5625, "allocations": 0, "deallocations": 0, "locks": 0, "maxMicros": 77.542}
{"file": "demo.mptm", "order": 0, "sequence": 0, "rate": 44100, "maxError": 0.0, "rmsError": 0.0, "frames": 687162, "callbacks": 1344, "allocations": 0, "deallocations": 0, "locks": 0, "maxMicros": 54.5}
{"file": "demo.mptm", "order": 0, "sequence": 0, "rate": 48000, "maxError": 0.0, "rmsError": 0.0, "frames": 747456, "callbacks": 1461, "allocations": 0, "deallocations": 0, "locks": 0, "maxMicros": 1167}
{"file": "demo.mptm", "order": 0, "sequence": 0, "rate": 96000, "maxError": 0.0, "rmsError": 0.0, "frames": 1495680, "callbacks": 2923, "allocations": 0, "deallocations": 0, "locks": 0, "maxMicros": 71.375}
{"file": "demo.it", "order": 0, "sequence": 0, "rate": 44100, "maxError": 0.0, "rmsError": 0.0, "frames": 345786, "callbacks": 677, "allocations": 0, "deallocations": 0, "locks": 0, "maxMicros": 352.959}
{"file": "demo.it", "order": 0, "sequence": 0, "rate": 48000, "maxError": 0.0, "rmsError": 0.0, "frames": 376128, "callbacks": 736, "allocations": 0, "deallocations": 0, "locks": 0, "maxMicros": 137}
{"file": "demo.it", "order": 0, "sequence": 0, "rate": 96000, "maxError": 0.0, "rmsError": 0.0, "frames": 752640, "callbacks": 1471, "allocations": 0, "deallocations": 0, "locks": 0, "maxMicros": 53.833}
{"file": "loops.mptm", "order": 0, "sequence": 0, "rate": 44100, "maxError": 0.0, "rmsError": 0.0, "frames": 601818, "callbacks": 1177, "allocations": 0, "deallocations": 0, "locks": 0, "maxMicros": 58.458}
{"file": "loops.mptm", "order": 0, "sequence": 0, "rate": 48000, "maxError": 0.0, "rmsError": 0.0, "frames": 654624, "callbacks": 1280, "allocations": 0, "deallocations": 0, "locks": 0, "maxMicros": 51.667}
{"file": "loops.mptm", "order": 0, "sequence": 0, "rate": 96000, "maxError": 0.0, "rmsError": 0.0, "frames": 1309920, "callbacks": 2560, "allocations": 0, "deallocations": 0, "locks": 0, "maxMicros": 89.958}
{"file": "test.mptm", "order": 0, "sequence": 0, "rate": 44100, "maxError": 0.0, "rmsError": 0.0, "frames": 270722, "callbacks": 530, "allocations": 0, "deallocations": 0, "locks": 0, "maxMicros": 54.708}
{"file": "test.mptm", "order": 0, "sequence": 0, "rate": 48000, "maxError": 0.0, "rmsError": 0.0, "frames": 294663, "callbacks": 577, "allocations": 0, "deallocations": 0, "locks": 0, "maxMicros": 26.416}
{"file": "test.mptm", "order": 0, "sequence": 0, "rate": 96000, "maxError": 0.0, "rmsError": 0.0, "frames": 589327, "callbacks": 1153, "allocations": 0, "deallocations": 0, "locks": 0, "maxMicros": 36.834}
{"file": "demo.mptm", "order": 1, "sequence": 0, "rate": 44100, "maxError": 0.0, "rmsError": 0.0, "frames": 345786, "callbacks": 677, "allocations": 0, "deallocations": 0, "locks": 0, "maxMicros": 55.958}
{"file": "demo.mptm", "order": 1, "sequence": 0, "rate": 48000, "maxError": 0.0, "rmsError": 0.0, "frames": 376128, "callbacks": 736, "allocations": 0, "deallocations": 0, "locks": 0, "maxMicros": 180.625}
{"file": "demo.mptm", "order": 1, "sequence": 0, "rate": 96000, "maxError": 0.0, "rmsError": 0.0, "frames": 752640, "callbacks": 1471, "allocations": 0, "deallocations": 0, "locks": 0, "maxMicros": 58.458}
{"file": "sequences.mptm", "order": 0, "sequence": 0, "rate": 44100, "maxError": 0.0, "rmsError": 0.0, "frames": 345786, "callbacks": 677, "allocations": 0, "deallocations": 0, "locks": 0, "maxMicros": 46.667}
{"file": "sequences.mptm", "order": 0, "sequence": 0, "rate": 48000, "maxError": 0.0, "rmsError": 0.0, "frames": 376128, "callbacks": 736, "allocations": 0, "deallocations": 0, "locks": 0, "maxMicros": 31.166}
{"file": "sequences.mptm", "order": 0, "sequence": 0, "rate": 96000, "maxError": 0.0, "rmsError": 0.0, "frames": 752640, "callbacks": 1471, "allocations": 0, "deallocations": 0, "locks": 0, "maxMicros": 63.958}
{"file": "sequences.mptm", "order": 0, "sequence": 1, "rate": 44100, "maxError": 0.0, "rmsError": 0.0, "frames": 445242, "callbacks": 871, "allocations": 0, "deallocations": 0, "locks": 0, "maxMicros": 72.166}
{"file": "sequences.mptm", "order": 0, "sequence": 1, "rate": 48000, "maxError": 0.0, "rmsError": 0.0, "frames": 484800, "callbacks": 948, "allocations": 0, "deallocations": 0, "locks": 0, "maxMicros": 150.666}
{"file": "sequences.mptm", "order": 0, "sequence": 1, "rate": 96000, "maxError": 0.0, "rmsError": 0.0, "frames": 969600, "callbacks": 1895, "allocations": 0, "deallocations": 0, "locks": 0, "maxMicros": 50.833}
PASS 30 render comparisons; zero intercepted allocation, release or mutex calls. /Users/rewbs/code/openmpt/bin/mac-graph-fluency/audio-test-results.json
