Test project /Users/rewbs/code/openmpt/bin/mac-sanitized
    Start 55: native-mixer
1/3 Test #55: native-mixer .....................   Passed   53.73 sec
    Start 65: plugin-latency
2/3 Test #65: plugin-latency ...................   Passed    2.79 sec
    Start 82: native-signal-graph
3/3 Test #82: native-signal-graph ..............Subprocess aborted***Exception:   2.91 sec
=================================================================
==72761==ERROR: AddressSanitizer: container-overflow on address 0x61e000005a30 at pc 0x0001045846b0 bp 0x00016b668430 sp 0x00016b668428
READ of size 1 at 0x61e000005a30 thread T0
    #0 0x0001045846ac in Tracker::PluginChain::attachInstruments(Tracker::Renderer&, Tracker::NativeSong const*) NativeInstrument.cpp:554
    #1 0x000104291b50 in main NativeSignalGraphTests.mm:285
    #2 0x000183d73dfc in start+0x1b4c (dyld:arm64e+0x1fdfc)

0x61e000005a30 is located 1456 bytes inside of 2560-byte region [0x61e000005480,0x61e000005e80)
allocated by thread T0 here:
    #0 0x000106bd3f50 in _Znwm+0x74 (libclang_rt.asan_osx_dynamic.dylib:arm64e+0x4ff50)
    #1 0x0001043928b4 in std::__1::__split_buffer<Tracker::MixerBus, std::__1::allocator<Tracker::MixerBus>&>::__split_buffer(unsigned long, unsigned long, std::__1::allocator<Tracker::MixerBus>&) __split_buffer:330
    #2 0x00010455fa60 in Tracker::MixerBus* std::__1::vector<Tracker::MixerBus, std::__1::allocator<Tracker::MixerBus>>::__emplace_back_slow_path<Tracker::MixerBus>(Tracker::MixerBus&&) vector.h:1128
    #3 0x00010455f7d4 in Tracker::MixerBus& std::__1::vector<Tracker::MixerBus, std::__1::allocator<Tracker::MixerBus>>::emplace_back<Tracker::MixerBus>(Tracker::MixerBus&&) vector.h:1150
    #4 0x0001047a94ec in Tracker::NativeSong::ensureMixer() NativeSong.cpp:31
    #5 0x000104291140 in main NativeSignalGraphTests.mm:285
    #6 0x000183d73dfc in start+0x1b4c (dyld:arm64e+0x1fdfc)

HINT: if you don't care about these errors you may set ASAN_OPTIONS=detect_container_overflow=0.
If you suspect a false positive see also: https://github.com/google/sanitizers/wiki/AddressSanitizerContainerOverflow.
SUMMARY: AddressSanitizer: container-overflow NativeInstrument.cpp:554 in Tracker::PluginChain::attachInstruments(Tracker::Renderer&, Tracker::NativeSong const*)
Shadow bytes around the buggy address:
  0x61e000005780: 00 00 00 00 00 00 00 00 00 00 00 00 00 00 00 00
  0x61e000005800: 00 00 00 00 00 00 00 00 00 00 00 00 00 00 00 00
  0x61e000005880: 00 00 00 00 00 00 00 00 00 00 00 00 00 00 00 00
  0x61e000005900: 00 00 00 00 00 00 00 00 00 00 00 00 00 00 00 00
  0x61e000005980: 00 00 00 00 00 00 00 00 00 00 00 00 00 00 00 00
=>0x61e000005a00: 00 00 00 00 fc fc[fc]fc fc fc fc fc fc fc fc fc
  0x61e000005a80: fc fc fc fc fc fc fc fc fc fc fc fc fc fc fc fc
  0x61e000005b00: fc fc fc fc fc fc fc fc fc fc fc fc fc fc fc fc
  0x61e000005b80: fc fc fc fc fc fc fc fc fc fc fc fc fc fc fc fc
  0x61e000005c00: fc fc fc fc fc fc fc fc fc fc fc fc fc fc fc fc
  0x61e000005c80: fc fc fc fc fc fc fc fc fc fc fc fc fc fc fc fc
Shadow byte legend (one shadow byte represents 8 application bytes):
  Addressable:           00
  Partially addressable: 01 02 03 04 05 06 07
  Heap left redzone:       fa
  Freed heap region:       fd
  Stack left redzone:      f1
  Stack mid redzone:       f2
  Stack right redzone:     f3
  Stack after return:      f5
  Stack use after scope:   f8
  Global redzone:          f9
  Global init order:       f6
  Poisoned by user:        f7
  Container overflow:      fc
  Array cookie:            ac
  Intra object redzone:    bb
  ASan internal:           fe
  Left alloca redzone:     ca
  Right alloca redzone:    cb
==72761==ABORTING


67% tests passed, 1 tests failed out of 3

Total Test time (real) =  59.45 sec

The following tests FAILED:
	 82 - native-signal-graph (Subprocess aborted)
Errors while running CTest
