-- Configuring done (0.1s)
-- Generating done (0.3s)
-- Build files have been written to: /Users/rewbs/code/openmpt/bin/mac-interaction-flow
[  7%] Built target TrackerFLAC
[  8%] Built target RealtimeAudit
[  9%] Built target plugin-preset-tests
[  9%] Built target plugin-inventory-tests
[ 10%] Built target ResonanceFixture
[ 10%] Built target plugin-library-tests
[ 45%] Built target OpenMPTCore
[ 54%] Built target TrackerEditor
[ 55%] Built target tracker-core-tests
[ 55%] Built target instrument-envelope-tests
[ 56%] Built target song-timing-tests
[ 59%] Built target TrackerHosted
[ 60%] Built target native-reverse-loop-tests
[ 61%] Built target sample-crossfade-tests
[ 62%] Built target sample-snap-tests
[ 62%] Built target sample-drawing-tests
[ 63%] Built target sample-copy-tests
[ 63%] Built target sample-clipboard-tests
[ 64%] Built target sample-archive-tests
[ 65%] Built target sample-processing-tests
[ 65%] Built target automation-tools-tests
[ 66%] Built target pattern-tools-tests
[ 66%] Built target pattern-commands-tests
[ 67%] Built target render-audit
[ 67%] Built target plugin-tests
[ 67%] Built target filter-tests
[ 67%] Built target oversampling-tests
[ 67%] Built target stress-tests
[ 67%] Built target routing-prototype-tests
[ 67%] Built target mixer-graph-tests
[ 68%] Built target mixer-runtime-tests
[ 69%] Built target sidechain-tests
[ 69%] Built target qualification-fixture
[ 69%] Built target signal-graph-tests
[ 70%] Built target plugin-lifecycle-tests
[ 70%] Built target effect-auxiliary-tests
[ 71%] Built target playback-region-tests
[ 72%] Built target curve-formula-tests
[ 72%] Built target plugin-scanner
[ 74%] Built target TrackerMac
[ 75%] Built target precise-note-tests
[ 76%] Built target precise-ramp-tests
[ 77%] Built target record-nudge-tests
[ 77%] Built target pattern-pitch-tests
[ 77%] Built target unified-effects-tests
[ 78%] Built target pattern-performance-tests
[ 79%] Built target plugin-program-tests
[ 79%] Built target plugin-preset-session-tests
[ 79%] Built target recovery-session-tests
[ 80%] Built target instrument-envelope-session-tests
[ 80%] Built target song-timing-session-tests
[ 81%] Built target plugin-alias-tests
[ 81%] Built target sample-loop-tests
[ 81%] Built target sample-crossfade-project-tests
[ 81%] Built target sample-project-tests
[ 81%] Built target sample-session-tests
[ 82%] Built target sample-import-tests
[ 82%] Built target native-effects-tests
[ 82%] Built target eq-effects-tests
[ 83%] Built target comb-tests
[ 84%] Built target distortion-tests
[ 85%] Built target lofi-tests
[ 85%] Built target dynamics-tests
[ 85%] Built target cabinet-tests
[ 87%] Built target maximizer-tests
[ 87%] Built target bus-compressor-tests
[ 87%] Built target session-tests
[ 87%] Built target native-song-tests
[ 87%] Built target loopback-tests
[ 87%] Built target device-tests
[ 87%] Built target midi-tests
[ 88%] Built target export-tests
[ 89%] Built target native-mixer-tests
[ 89%] Built target multi-bus-tests
[ 89%] Built target rack-tests
[ 90%] Built target mixer-device-tests
[ 90%] Built target native-plugin-tests
[ 91%] Built target plugin-latency-tests
[ 92%] Built target musical-automation-tests
[ 93%] Built target automation-tests
[ 94%] Built target plugin-shutdown-tests
[ 95%] Built target note-track-tests
[ 95%] Built target automation-target-tests
[ 95%] Built target native-signal-graph-tests
[ 96%] Built target signal-graph-session-tests
[ 97%] Built target signal-routing-tests
[ 97%] Built target signal-graph-performance
[ 97%] Built target curve-formula-session-tests
[ 98%] Built target playback-display-tests
[ 98%] Built target envelope-bank-tests
[ 99%] Built target unified-history-tests
[100%] Built target parameter-activity-tests
/Users/rewbs/code/openmpt/bin/mac-interaction-flow/ScreamSeq.app/Contents/MacOS/plugin-scanner: replacing existing signature
/Users/rewbs/code/openmpt/bin/mac-interaction-flow/ScreamSeq.app: replacing existing signature
Built /Users/rewbs/code/openmpt/bin/mac-interaction-flow/ScreamSeq.app
