-- Configuring done (0.1s)
-- Generating done (0.1s)
-- Build files have been written to: /Users/rewbs/code/openmpt/bin/mac-native
[  1%] Built target RealtimeAudit
[ 14%] Built target TrackerFLAC
[ 16%] Built target plugin-inventory-tests
[ 20%] Built target ResonanceFixture
[ 20%] Built target TrackerPlugins
[ 21%] Built target plugin-tests
[ 21%] Built target plugin-scanner
[ 22%] Built target plugin-lifecycle-tests
[ 86%] Built target OpenMPTCore
[ 87%] Built target TrackerEditor
[ 89%] Built target tracker-core-tests
[ 89%] Built target stress-tests
[ 90%] Built target qualification-fixture
[ 91%] Built target render-audit
[ 94%] Built target TrackerMac
[ 95%] Built target midi-tests
[ 96%] Built target loopback-tests
[ 97%] Built target device-tests
[ 98%] Built target session-tests
[ 99%] Built target automation-tests
[100%] Built target export-tests
[100%] Built target native-plugin-tests
bin/mac-native/Resonance.app/Contents/MacOS/plugin-scanner: replacing existing signature
bin/mac-native/Resonance.app: replacing existing signature
Built bin/mac-native/Resonance.app
