{"file": "test.mod", "order": 0, "sequence": 0, "rate": 44100, "maxError": 0.0, "rmsError": 0.0, "frames": 94374, "callbacks": 186, "allocations": 0, "deallocations": 0, "locks": 0, "maxMicros": 83.459}
{"file": "test.mod", "order": 0, "sequence": 0, "rate": 48000, "maxError": 0.0, "rmsError": 0.0, "frames": 102720, "callbacks": 202, "allocations": 0, "deallocations": 0, "locks": 0, "maxMicros": 612.5}
{"file": "test.mod", "order": 0, "sequence": 0, "rate": 96000, "maxError": 0.0, "rmsError": 0.0, "frames": 205440, "callbacks": 403, "allocations": 0, "deallocations": 0, "locks": 0, "maxMicros": 27.541}
{"file": "test.xm", "order": 0, "sequence": 0, "rate": 44100, "maxError": 0.0, "rmsError": 0.0, "frames": 308985, "callbacks": 605, "allocations": 0, "deallocations": 0, "locks": 0, "maxMicros": 649.459}
{"file": "test.xm", "order": 0, "sequence": 0, "rate": 48000, "maxError": 0.0, "rmsError": 0.0, "frames": 336310, "callbacks": 658, "allocations": 0, "deallocations": 0, "locks": 0, "maxMicros": 740.875}
{"file": "test.xm", "order": 0, "sequence": 0, "rate": 96000, "maxError": 0.0, "rmsError": 0.0, "frames": 672621, "callbacks": 1315, "allocations": 0, "deallocations": 0, "locks": 0, "maxMicros": 387.084}
{"file": "test.s3m", "order": 0, "sequence": 0, "rate": 44100, "maxError": 0.0, "rmsError": 0.0, "frames": 1323008, "callbacks": 2584, "allocations": 0, "deallocations": 0, "locks": 0, "maxMicros": 770.542}
{"file": "test.s3m", "order": 0, "sequence": 0, "rate": 48000, "maxError": 0.0, "rmsError": 0.0, "frames": 1440256, "callbacks": 2813, "allocations": 0, "deallocations": 0, "locks": 0, "maxMicros": 205.458}
{"file": "test.s3m", "order": 0, "sequence": 0, "rate": 96000, "maxError": 0.0, "rmsError": 0.0, "frames": 2880000, "callbacks": 5625, "allocations": 0, "deallocations": 0, "locks": 0, "maxMicros": 555}
{"file": "demo.mptm", "order": 0, "sequence": 0, "rate": 44100, "maxError": 0.0, "rmsError": 0.0, "frames": 687162, "callbacks": 1344, "allocations": 0, "deallocations": 0, "locks": 0, "maxMicros": 54.667}
{"file": "demo.mptm", "order": 0, "sequence": 0, "rate": 48000, "maxError": 0.0, "rmsError": 0.0, "frames": 747456, "callbacks": 1461, "allocations": 0, "deallocations": 0, "locks": 0, "maxMicros": 264.708}
{"file": "demo.mptm", "order": 0, "sequence": 0, "rate": 96000, "maxError": 0.0, "rmsError": 0.0, "frames": 1495680, "callbacks": 2923, "allocations": 0, "deallocations": 0, "locks": 0, "maxMicros": 72.792}
{"file": "demo.it", "order": 0, "sequence": 0, "rate": 44100, "maxError": 0.0, "rmsError": 0.0, "frames": 345786, "callbacks": 677, "allocations": 0, "deallocations": 0, "locks": 0, "maxMicros": 53.875}
{"file": "demo.it", "order": 0, "sequence": 0, "rate": 48000, "maxError": 0.0, "rmsError": 0.0, "frames": 376128, "callbacks": 736, "allocations": 0, "deallocations": 0, "locks": 0, "maxMicros": 43.75}
{"file": "demo.it", "order": 0, "sequence": 0, "rate": 96000, "maxError": 0.0, "rmsError": 0.0, "frames": 752640, "callbacks": 1471, "allocations": 0, "deallocations": 0, "locks": 0, "maxMicros": 49.625}
{"file": "loops.mptm", "order": 0, "sequence": 0, "rate": 44100, "maxError": 0.0, "rmsError": 0.0, "frames": 601818, "callbacks": 1177, "allocations": 0, "deallocations": 0, "locks": 0, "maxMicros": 352.375}
{"file": "loops.mptm", "order": 0, "sequence": 0, "rate": 48000, "maxError": 0.0, "rmsError": 0.0, "frames": 654624, "callbacks": 1280, "allocations": 0, "deallocations": 0, "locks": 0, "maxMicros": 46.708}
{"file": "loops.mptm", "order": 0, "sequence": 0, "rate": 96000, "maxError": 0.0, "rmsError": 0.0, "frames": 1309920, "callbacks": 2560, "allocations": 0, "deallocations": 0, "locks": 0, "maxMicros": 30.333}
{"file": "test.mptm", "order": 0, "sequence": 0, "rate": 44100, "maxError": 0.0, "rmsError": 0.0, "frames": 270722, "callbacks": 530, "allocations": 0, "deallocations": 0, "locks": 0, "maxMicros": 57.75}
{"file": "test.mptm", "order": 0, "sequence": 0, "rate": 48000, "maxError": 0.0, "rmsError": 0.0, "frames": 294663, "callbacks": 577, "allocations": 0, "deallocations": 0, "locks": 0, "maxMicros": 27.125}
{"file": "test.mptm", "order": 0, "sequence": 0, "rate": 96000, "maxError": 0.0, "rmsError": 0.0, "frames": 589327, "callbacks": 1153, "allocations": 0, "deallocations": 0, "locks": 0, "maxMicros": 21}
{"file": "demo.mptm", "order": 1, "sequence": 0, "rate": 44100, "maxError": 0.0, "rmsError": 0.0, "frames": 345786, "callbacks": 677, "allocations": 0, "deallocations": 0, "locks": 0, "maxMicros": 29.583}
{"file": "demo.mptm", "order": 1, "sequence": 0, "rate": 48000, "maxError": 0.0, "rmsError": 0.0, "frames": 376128, "callbacks": 736, "allocations": 0, "deallocations": 0, "locks": 0, "maxMicros": 31.292}
{"file": "demo.mptm", "order": 1, "sequence": 0, "rate": 96000, "maxError": 0.0, "rmsError": 0.0, "frames": 752640, "callbacks": 1471, "allocations": 0, "deallocations": 0, "locks": 0, "maxMicros": 1083.62}
{"file": "sequences.mptm", "order": 0, "sequence": 0, "rate": 44100, "maxError": 0.0, "rmsError": 0.0, "frames": 345786, "callbacks": 677, "allocations": 0, "deallocations": 0, "locks": 0, "maxMicros": 30.833}
{"file": "sequences.mptm", "order": 0, "sequence": 0, "rate": 48000, "maxError": 0.0, "rmsError": 0.0, "frames": 376128, "callbacks": 736, "allocations": 0, "deallocations": 0, "locks": 0, "maxMicros": 55.542}
{"file": "sequences.mptm", "order": 0, "sequence": 0, "rate": 96000, "maxError": 0.0, "rmsError": 0.0, "frames": 752640, "callbacks": 1471, "allocations": 0, "deallocations": 0, "locks": 0, "maxMicros": 39.875}
{"file": "sequences.mptm", "order": 0, "sequence": 1, "rate": 44100, "maxError": 0.0, "rmsError": 0.0, "frames": 445242, "callbacks": 871, "allocations": 0, "deallocations": 0, "locks": 0, "maxMicros": 32.667}
{"file": "sequences.mptm", "order": 0, "sequence": 1, "rate": 48000, "maxError": 0.0, "rmsError": 0.0, "frames": 484800, "callbacks": 948, "allocations": 0, "deallocations": 0, "locks": 0, "maxMicros": 29.417}
{"file": "sequences.mptm", "order": 0, "sequence": 1, "rate": 96000, "maxError": 0.0, "rmsError": 0.0, "frames": 969600, "callbacks": 1895, "allocations": 0, "deallocations": 0, "locks": 0, "maxMicros": 26.792}
PASS 30 render comparisons; zero intercepted allocation, release or mutex calls. /Users/rewbs/code/openmpt/bin/mac-native/audio-test-results.json
