/Users/rewbs/code/openmpt/bin/mac-graph-fluency/qualification/ui-run-ch6uZ9/ScreamSeq QA.app: replacing existing signature
{
  "applicationActive": true,
  "applicationHidden": false,
  "artifacts": "/var/folders/_l/wc099tqn2kvfk697dlrd02hr0000gn/T/resonance-ui-qualification-7D093663-439C-44CC-9827-301A72CB9408",
  "audioActive": false,
  "audition": false,
  "automationPoints": 0,
  "baseRevision": "e48c645bbec79b39ce181aa678cd57a7dc909133",
  "bufferSize": 512,
  "bufferStarvations": 0,
  "callbacks": 0,
  "displayLinkCallbacks": 174,
  "displayMaximumFPS": 120,
  "durationSeconds": 0,
  "executable": "/Users/rewbs/code/openmpt/bin/mac-graph-fluency/qualification/ui-run-ch6uZ9/ScreamSeq QA.app/Contents/MacOS/ScreamSeq",
  "failures": [
    "Dense graph must display at least eight actual cards",
    "Fewer than 16 sounding track meters were observed"
  ],
  "fault": false,
  "frames": 0,
  "framesCommittedAfterDeadline": 0,
  "framesGPUEndedAfterPresentationTarget": 0,
  "framesPresented": 158,
  "frameTimeline": "/var/folders/_l/wc099tqn2kvfk697dlrd02hr0000gn/T/resonance-ui-qualification-7D093663-439C-44CC-9827-301A72CB9408/frame-timeline.json",
  "frameTimelineSamples": 174,
  "graphActivity": [],
  "graphFullyVisibleNodes": 6,
  "graphMagnification": 1,
  "graphMinimumFullyVisibleNodes": 6,
  "graphViewportHeight": 264,
  "graphVisible": true,
  "graphVisibleNodes": 7,
  "lastFPS": 60.019107867116645,
  "left": 0,
  "liveEdits": 0,
  "liveSaves": 0,
  "loop": true,
  "maxCPUFrameMS": 0.6400346755981445,
  "maxDisplayLinkIntervalMS": 16.740749997552484,
  "maxGeometrySnapshotAgeMS": 11.474083352368325,
  "maxGPUFrameMS": 0.4962499951943755,
  "maximumSoundingTrackMeters": 0,
  "maxMainThreadDrawMS": 0.2129077911376953,
  "maxMicros": 0,
  "maxPresentMS": 24.999874993227422,
  "maxRenderQueueWaitMS": 0,
  "meanPresentedFPS": 60.00026757344116,
  "measurementStarted": false,
  "metalDrawableHeight": 400,
  "metalDrawableWidth": 2194,
  "missedPresentations": 0,
  "missedSubmissionDeadlines": 0,
  "order": 0,
  "outOfOrderPresentations": 0,
  "overruns": 0,
  "p01DisplayLinkLeadMS": 16.480041667819023,
  "p99CPUFrameMS": 0.1709461212158203,
  "p99DisplayLinkIntervalMS": 16.73929166281596,
  "p99DrawableWaitMS": 0,
  "p99GeometrySnapshotAgeMS": 11.388916638679802,
  "p99GPUFrameMS": 0.15462504234164953,
  "p99MainThreadDrawMS": 0.1709461212158203,
  "p99PresentationTargetErrorMS": 8.306958305183798,
  "p99PresentMS": 24.999791698064655,
  "p99RenderQueueWaitMS": 0,
  "p99SubmissionLatenessMS": -15.88183332933113,
  "p999Micros": 0,
  "passed": false,
  "pattern": 0,
  "patternPosition": 0,
  "playing": false,
  "pluginFailure": false,
  "pluginLatency": 0.001875,
  "presentationCallbacks": 171,
  "presentationSamples": 37,
  "presentsWithTransaction": false,
  "processID": 15539,
  "region": {},
  "rendererPaused": false,
  "requestedSeconds": 60,
  "requestedVST3": false,
  "right": 0,
  "routing": {
    "active": false,
    "available": false,
    "failedPlan": 0,
    "latencyPending": false,
    "renderedPlan": 0,
    "requestedPlan": 0,
    "state": "stopped"
  },
  "row": 0,
  "sampleRate": 48000,
  "sortedMaxPresentMS": 24.999874993227422,
  "sortedP99PresentMS": 24.999791698064655,
  "sortedPresentationSamples": 37,
  "sourceFingerprint": "6dec897ca3d83c375fbab441f3408caa76b341aaec672e898d53baf96841ce78",
  "submittedFrames": 174,
  "timestamp": "2026-10-01T01:38:43Z",
  "undoRedoCycles": 0,
  "unpresentedDrawables": 13,
  "usesExistingGraph": true,
  "usesGraph": true,
  "usesVST3": false,
  "voicePositions": [],
  "voices": 0,
  "windowLevel": 0,
  "windowMiniaturized": false,
  "windowOccluded": false,
  "windowVisible": true
}
