-- Configuring done (0.1s)
-- Generating done (0.3s)
-- Build files have been written to: /Users/rewbs/code/openmpt/bin/mac-graph-fluency
[  0%] Built target RealtimeAudit
[  7%] Built target TrackerFLAC
[  8%] Built target realtime-transition-tests
[  8%] Built target plugin-library-tests
[  9%] Built target plugin-preset-tests
[ 10%] Built target plugin-inventory-tests
[ 11%] Built target ResonanceFixture
[ 46%] Built target OpenMPTCore
[ 55%] Built target TrackerEditor
[ 56%] Built target song-timing-tests
[ 57%] Built target native-reverse-loop-tests
[ 57%] Built target tracker-core-tests
[ 57%] Built target instrument-envelope-tests
[ 58%] Built target sample-crossfade-tests
[ 58%] Built target sample-snap-tests
[ 58%] Built target sample-drawing-tests
[ 59%] Built target sample-copy-tests
[ 59%] Built target sample-archive-tests
[ 59%] Built target sample-clipboard-tests
[ 60%] Built target automation-tools-tests
[ 63%] Built target sample-processing-tests
[ 64%] Built target TrackerHosted
[ 65%] Built target pattern-tools-tests
[ 65%] Built target pattern-commands-tests
[ 65%] Built target render-audit
[ 65%] Built target filter-tests
[ 65%] Built target oversampling-tests
[ 65%] Built target mixer-graph-tests
[ 66%] Built target routing-prototype-tests
[ 66%] Built target stress-tests
[ 66%] Built target mixer-runtime-tests
[ 67%] Built target mixer-transition-tests
[ 68%] Built target mixer-publication-tests
[ 69%] Built target sidechain-tests
[ 70%] Built target qualification-fixture
[ 70%] Built target signal-graph-tests
[ 71%] Built target effect-auxiliary-tests
[ 72%] Built target playback-region-tests
[ 73%] Built target plugin-lifecycle-tests
[ 74%] Built target curve-formula-tests
[ 74%] Built target plugin-scanner
[ 75%] Built target plugin-tests
[ 77%] Built target TrackerMac
[ 77%] Built target record-nudge-tests
[ 77%] Built target unified-effects-tests
[ 78%] Built target pattern-performance-tests
[ 79%] Built target precise-note-tests
[ 79%] Built target precise-ramp-tests
[ 79%] Built target pattern-pitch-tests
[ 80%] Built target recovery-session-tests
[ 80%] Built target plugin-preset-session-tests
[ 81%] Built target instrument-envelope-session-tests
[ 82%] Built target plugin-program-tests
[ 82%] Built target song-timing-session-tests
[ 82%] Built target plugin-alias-tests
[ 82%] Built target sample-crossfade-project-tests
[ 82%] Built target sample-loop-tests
[ 83%] Built target sample-session-tests
[ 83%] Built target sample-project-tests
[ 83%] Built target native-effects-tests
[ 84%] Built target sample-import-tests
[ 85%] Built target comb-tests
[ 86%] Built target eq-effects-tests
[ 87%] Built target lofi-tests
[ 88%] Built target distortion-tests
[ 88%] Built target dynamics-tests
[ 88%] Built target cabinet-tests
[ 88%] Built target bus-compressor-tests
[ 89%] Built target maximizer-tests
[ 89%] Built target device-tests
[ 89%] Built target loopback-tests
[ 89%] Built target native-song-tests
[ 89%] Built target session-tests
[ 89%] Built target midi-tests
[ 89%] Built target export-tests
[ 90%] Built target native-mixer-tests
[ 90%] Built target rack-tests
[ 91%] Built target mixer-device-tests
[ 91%] Built target multi-bus-tests
[ 91%] Built target native-plugin-tests
[ 92%] Built target plugin-latency-tests
[ 93%] Built target musical-automation-tests
[ 93%] Built target automation-tests
[ 94%] Built target automation-target-tests
[ 94%] Built target plugin-shutdown-tests
[ 95%] Built target note-track-tests
[ 96%] Built target native-signal-graph-tests
[ 97%] Built target signal-graph-session-tests
[ 98%] Built target signal-routing-tests
[ 98%] Built target signal-graph-performance
[ 98%] Built target curve-formula-session-tests
[ 98%] Built target envelope-bank-tests
[ 98%] Built target playback-display-tests
[ 99%] Built target parameter-activity-tests
[100%] Built target unified-history-tests
/Users/rewbs/code/openmpt/bin/mac-graph-fluency/ScreamSeq.app/Contents/MacOS/plugin-scanner: replacing existing signature
/Users/rewbs/code/openmpt/bin/mac-graph-fluency/ScreamSeq.app: replacing existing signature
Built /Users/rewbs/code/openmpt/bin/mac-graph-fluency/ScreamSeq.app
