-- Configuring done (0.1s)
-- Generating done (0.3s)
-- Build files have been written to: /Users/rewbs/code/openmpt/bin/mac-background
[  8%] Built target TrackerFLAC
[  9%] Built target plugin-preset-tests
[ 10%] Built target RealtimeAudit
[ 11%] Built target ResonanceFixture
[ 12%] Built target plugin-inventory-tests
[ 12%] Built target plugin-library-tests
[ 51%] Built target OpenMPTCore
[ 60%] Built target TrackerEditor
[ 61%] Built target tracker-core-tests
[ 62%] Built target instrument-envelope-tests
[ 64%] Built target TrackerPlugins
[ 64%] Built target song-timing-tests
[ 64%] Built target native-reverse-loop-tests
[ 64%] Built target sample-crossfade-tests
[ 64%] Built target sample-snap-tests
[ 65%] Built target sample-drawing-tests
[ 65%] Built target sample-copy-tests
[ 66%] Built target sample-clipboard-tests
[ 66%] Built target sample-archive-tests
[ 67%] Built target sample-processing-tests
[ 67%] Built target automation-tools-tests
[ 68%] Built target pattern-tools-tests
[ 68%] Built target pattern-commands-tests
[ 68%] Built target render-audit
[ 69%] Built target plugin-tests
[ 70%] Built target filter-tests
[ 71%] Built target oversampling-tests
[ 72%] Built target stress-tests
[ 73%] Built target routing-prototype-tests
[ 73%] Built target mixer-graph-tests
[ 74%] Built target mixer-runtime-tests
[ 74%] Built target sidechain-tests
[ 74%] Built target qualification-fixture
[ 75%] Built target plugin-lifecycle-tests
[ 75%] Built target plugin-scanner
[ 75%] Building OBJCXX object CMakeFiles/TrackerMac.dir/Bridge/TrackerSession.mm.o
In file included from /Users/rewbs/code/openmpt/mac/Bridge/TrackerSession.mm:1553:
In file included from /Users/rewbs/code/openmpt/mac/Bridge/TrackerSessionAPI.inc:743:
/Users/rewbs/code/openmpt/mac/Bridge/InstrumentEnvelopeToolsAPI.inc:13:57: warning: 'auto' deduced as 'id' in declaration of 'value' [-Wauto-var-id]
   13 |       auto info=[&](const InstrumentEnvelope &envelope){auto value=[instrumentEnvelopeInfo(envelope,maximum) mutableCopy];
      |                                                         ^~~~~~~~~~
1 warning generated.
[ 75%] Linking CXX static library libTrackerMac.a
[ 78%] Built target TrackerMac
[ 79%] Linking CXX executable precise-note-tests
[ 80%] Linking CXX executable precise-ramp-tests
[ 80%] Built target precise-ramp-tests
[ 80%] Built target precise-note-tests
[ 81%] Linking CXX executable pattern-performance-tests
[ 81%] Linking CXX executable pattern-pitch-tests
[ 81%] Built target pattern-performance-tests
[ 81%] Built target pattern-pitch-tests
[ 81%] Linking CXX executable plugin-preset-session-tests
[ 81%] Linking CXX executable plugin-program-tests
[ 81%] Built target plugin-preset-session-tests
[ 82%] Built target plugin-program-tests
[ 82%] Linking CXX executable instrument-envelope-session-tests
[ 83%] Linking CXX executable plugin-alias-tests
[ 83%] Built target instrument-envelope-session-tests
[ 83%] Built target plugin-alias-tests
[ 83%] Linking CXX executable song-timing-session-tests
[ 83%] Linking CXX executable sample-loop-tests
[ 84%] Built target song-timing-session-tests
[ 84%] Built target sample-loop-tests
[ 85%] Linking CXX executable sample-crossfade-project-tests
[ 85%] Linking CXX executable sample-project-tests
[ 85%] Built target sample-crossfade-project-tests
[ 85%] Built target sample-project-tests
[ 85%] Linking CXX executable sample-session-tests
[ 85%] Linking CXX executable native-effects-tests
[ 86%] Built target sample-session-tests
[ 86%] Built target native-effects-tests
[ 86%] Linking CXX executable eq-effects-tests
[ 86%] Linking CXX executable comb-tests
[ 88%] Built target comb-tests
[ 88%] Built target eq-effects-tests
[ 89%] Linking CXX executable distortion-tests
[ 89%] Linking CXX executable lofi-tests
[ 90%] Built target distortion-tests
[ 90%] Built target lofi-tests
[ 90%] Linking CXX executable dynamics-tests
[ 90%] Linking CXX executable cabinet-tests
[ 90%] Built target cabinet-tests
[ 90%] Built target dynamics-tests
[ 90%] Linking CXX executable bus-compressor-tests
[ 91%] Linking CXX executable maximizer-tests
[ 91%] Built target maximizer-tests
[ 92%] Built target bus-compressor-tests
[ 92%] Linking CXX executable session-tests
[ 93%] Linking CXX executable native-song-tests
[ 94%] Built target session-tests
[ 94%] Built target native-song-tests
[ 94%] Linking CXX executable loopback-tests
[ 94%] Linking CXX executable device-tests
[ 94%] Built target loopback-tests
[ 94%] Built target device-tests
[ 94%] Linking CXX executable midi-tests
[ 94%] Linking CXX executable export-tests
[ 94%] Built target midi-tests
[ 94%] Built target export-tests
[ 94%] Linking CXX executable native-mixer-tests
[ 94%] Linking CXX executable multi-bus-tests
[ 95%] Built target native-mixer-tests
[ 95%] Built target multi-bus-tests
[ 96%] Linking CXX executable rack-tests
[ 97%] Linking CXX executable mixer-device-tests
[ 97%] Built target rack-tests
[ 97%] Built target mixer-device-tests
[ 98%] Linking CXX executable native-plugin-tests
[ 98%] Linking CXX executable musical-automation-tests
[ 98%] Built target native-plugin-tests
[ 99%] Built target musical-automation-tests
[100%] Linking CXX executable automation-tests
[100%] Linking CXX executable note-track-tests
[100%] Built target automation-tests
[100%] Built target note-track-tests
[100%] Linking CXX executable automation-target-tests
[100%] Built target automation-target-tests
/Users/rewbs/code/openmpt/bin/mac-background/Resonance.app/Contents/MacOS/plugin-scanner: replacing existing signature
/Users/rewbs/code/openmpt/bin/mac-background/Resonance.app: replacing existing signature
Built /Users/rewbs/code/openmpt/bin/mac-background/Resonance.app
