-- Configuring done (0.1s)
-- Generating done (0.1s)
-- Build files have been written to: /Users/rewbs/code/openmpt/bin/mac-sanitized
[ 15%] Built target TrackerFLAC
[ 96%] Built target OpenMPTCore
[ 97%] Building CXX object CMakeFiles/TrackerEditor.dir/Users/rewbs/code/openmpt/editor/TrackerDocument.cpp.o
[ 98%] Linking CXX static library libTrackerEditor.a
[ 98%] Built target TrackerEditor
[100%] Linking CXX executable tracker-core-tests
[100%] Built target tracker-core-tests
[ 14%] Built target TrackerFLAC
[ 14%] Building OBJCXX object CMakeFiles/TrackerPlugins.dir/Audio/VST3Host.mm.o
[ 90%] Built target OpenMPTCore
[ 93%] Built target TrackerEditor
[ 93%] Linking CXX static library libTrackerPlugins.a
[ 96%] Built target TrackerPlugins
[ 98%] Built target TrackerMac
[100%] Linking CXX executable session-tests
[100%] Built target session-tests
[ 14%] Built target TrackerFLAC
[ 18%] Built target TrackerPlugins
[ 94%] Built target OpenMPTCore
[ 96%] Built target TrackerEditor
[ 98%] Built target TrackerMac
[100%] Linking CXX executable export-tests
[100%] Built target export-tests
[ 14%] Built target TrackerFLAC
[ 18%] Built target TrackerPlugins
[ 94%] Built target OpenMPTCore
[ 96%] Built target TrackerEditor
[ 98%] Built target TrackerMac
[100%] Linking CXX executable midi-tests
[100%] Built target midi-tests
[ 75%] Built target TrackerPlugins
[ 75%] Linking CXX executable plugin-scanner
[100%] Built target plugin-scanner
[ 14%] Built target TrackerFLAC
[ 17%] Built target TrackerPlugins
[ 19%] Building OBJCXX object CMakeFiles/ResonanceFixture.dir/Tests/FixtureVST3.mm.o
[ 20%] Built target plugin-scanner
[ 94%] Built target OpenMPTCore
[ 96%] Built target TrackerEditor
[ 98%] Built target TrackerMac
[ 98%] Linking CXX CFBundle shared module test-plugins/ResonanceFixture.vst3/Contents/MacOS/ResonanceFixture
[100%] Built target ResonanceFixture
[100%] Building OBJCXX object CMakeFiles/native-plugin-tests.dir/Tests/NativePluginTests.mm.o
[100%] Linking CXX executable native-plugin-tests
[100%] Built target native-plugin-tests
PASS atomic edits, grouped undo, sample processing/rollback, pattern/order undo, exact native roundtrip, bounded queue, loop termination at 44.1/48/96 kHz; max callback 460.25 us
PASS fixture test.mod
PASS fixture test.xm
PASS fixture test.s3m
PASS fixture test.mptm
PASS isolated AU scan; project/module/state roundtrip; loss-prevention; offline effect render; effect history/state/automation restoration; bounded concurrent MIDI queue
PASS AU export 1819112562: 97 latency frames trimmed, 4800 tail frames, max difference 0
PASS AU export 1684368505: 0 latency frames trimmed, 1004716 tail frames, max difference 0
PASS dry WAV fidelity, exact export duration, latency, tail and failed-export preservation
PASS CoreMIDI loopback, running status, clock interleave, note releases, timestamps and disconnect
PASS VST3 discovery, gain, processor/controller state, sample-timed automation at 44.1/48/96k, allocation auditing disabled for this sanitizer run
PASS VST3 tracker instrument notes, row note-off, automation, live/offline parity, allocation auditing disabled for this sanitizer run
PASS instrument latency alignment with sample voices
PASS VST3 keyboard preview and release
PASS Apple AU instrument note-on, output, note-off and state recall
PASS VST3 project save/reopen, instrument assignment, parameter persistence and WAV fidelity
